Product: MDK-ARM Professional 5.10
Component: ARM Compiler 5.04 update 1 (build 49)
Tool: armlink [5040049]

==============================================================================

Section Cross References

    main.o(.text) refers to stm32f10x_flash.o(.text) for FLASH_Unlock
    main.o(.text) refers to stm32f10x_i2c.o(.text) for I2C_Cmd
    main.o(.text) refers to stm32f10x_rcc.o(.text) for RCC_DeInit
    main.o(.text) refers to init.o(.text) for SystemClockInit
    main.o(.text) refers to led.o(.text) for LEDInit
    main.o(.text) refers to movement.o(.text) for ExtiInit
    main.o(.text) refers to communication.o(.text) for I2CInit
    main.o(.text) refers to misc.o(.text) for NVIC_SetVectorTable
    main.o(.text) refers to main.o(.data) for IsDataNew
    main.o(.text) refers to main.o(.bss) for PramReg
    init.o(.text) refers to stm32f10x_rcc.o(.text) for RCC_DeInit
    init.o(.text) refers to stm32f10x_flash.o(.text) for FLASH_PrefetchBufferCmd
    init.o(.text) refers to stm32f10x_gpio.o(.text) for GPIO_DeInit
    init.o(.text) refers to stm32f10x_tim.o(.text) for TIM_DeInit
    init.o(.text) refers to system_stm32f10x.o(.data) for SystemCoreClock
    led.o(.text) refers to stm32f10x_tim.o(.text) for TIM_DeInit
    led.o(.text) refers to init.o(.text) for GPIOInit
    led.o(.text) refers to stm32f10x_rcc.o(.text) for RCC_APB1PeriphClockCmd
    led.o(.text) refers to stm32f10x_gpio.o(.text) for GPIO_SetBits
    led.o(.text) refers to system_stm32f10x.o(.data) for SystemCoreClock
    led.o(.text) refers to led.o(.data) for Tim2_fre
    led.o(.text) refers to main.o(.bss) for Config
    led.o(.text) refers to main.o(.data) for localtime
    communication.o(.text) refers to init.o(.text) for GPIOInit
    communication.o(.text) refers to stm32f10x_rcc.o(.text) for RCC_APB1PeriphClockCmd
    communication.o(.text) refers to stm32f10x_i2c.o(.text) for I2C_DeInit
    communication.o(.text) refers to rt_memcpy_v6.o(.text) for __aeabi_memcpy
    communication.o(.text) refers to communication.o(.bss) for I2C_Communication
    communication.o(.text) refers to main.o(.bss) for PramReg
    communication.o(.text) refers to communication.o(.data) for Counter
    communication.o(.text) refers to main.o(.data) for IsDataNew
    movement.o(.text) refers to stm32f10x_tim.o(.text) for TIM_DeInit
    movement.o(.text) refers to init.o(.text) for GPIOInit
    movement.o(.text) refers to stm32f10x_rcc.o(.text) for RCC_APB2PeriphClockCmd
    movement.o(.text) refers to stm32f10x_exti.o(.text) for EXTI_DeInit
    movement.o(.text) refers to stm32f10x_gpio.o(.text) for GPIO_EXTILineConfig
    movement.o(.text) refers to main.o(.bss) for PramReg
    movement.o(.text) refers to main.o(.data) for localtime
    movement.o(.text) refers to movement.o(.data) for Counter
    stm32f10x_gpio.o(.text) refers to stm32f10x_rcc.o(.text) for RCC_APB2PeriphResetCmd
    stm32f10x_i2c.o(.text) refers to stm32f10x_rcc.o(.text) for RCC_APB1PeriphResetCmd
    stm32f10x_rcc.o(.text) refers to stm32f10x_rcc.o(.data) for APBAHBPrescTable
    stm32f10x_tim.o(.text) refers to stm32f10x_rcc.o(.text) for RCC_APB2PeriphResetCmd
    startup_stm32f10x_md.o(STACK) refers (Special) to heapauxi.o(.text) for __use_two_region_memory
    startup_stm32f10x_md.o(HEAP) refers (Special) to heapauxi.o(.text) for __use_two_region_memory
    startup_stm32f10x_md.o(RESET) refers (Special) to heapauxi.o(.text) for __use_two_region_memory
    startup_stm32f10x_md.o(RESET) refers to startup_stm32f10x_md.o(STACK) for __initial_sp
    startup_stm32f10x_md.o(RESET) refers to startup_stm32f10x_md.o(.text) for Reset_Handler
    startup_stm32f10x_md.o(RESET) refers to main.o(.text) for SysTick_Handler
    startup_stm32f10x_md.o(RESET) refers to movement.o(.text) for EXTI0_IRQHandler
    startup_stm32f10x_md.o(RESET) refers to communication.o(.text) for I2C2_EV_IRQHandler
    startup_stm32f10x_md.o(.text) refers (Special) to heapauxi.o(.text) for __use_two_region_memory
    startup_stm32f10x_md.o(.text) refers to system_stm32f10x.o(.text) for SystemInit
    startup_stm32f10x_md.o(.text) refers to __main.o(!!!main) for __main
    startup_stm32f10x_md.o(.text) refers to startup_stm32f10x_md.o(HEAP) for Heap_Mem
    startup_stm32f10x_md.o(.text) refers to startup_stm32f10x_md.o(STACK) for Stack_Mem
    system_stm32f10x.o(.text) refers to system_stm32f10x.o(.data) for SystemCoreClock
    rt_memcpy_v6.o(.text) refers to rt_memcpy_w.o(.text) for __aeabi_memcpy4
    __main.o(!!!main) refers to rtentry.o(.ARM.Collect$$rtentry$$00000000) for __rt_entry
    rtentry.o(.ARM.Collect$$rtentry$$00000000) refers (Special) to rtentry2.o(.ARM.Collect$$rtentry$$0000000A) for __rt_entry_li
    rtentry.o(.ARM.Collect$$rtentry$$00000000) refers (Special) to rtentry2.o(.ARM.Collect$$rtentry$$0000000D) for __rt_entry_main
    rtentry.o(.ARM.Collect$$rtentry$$00000000) refers (Special) to rtentry2.o(.ARM.Collect$$rtentry$$0000000C) for __rt_entry_postli_1
    rtentry.o(.ARM.Collect$$rtentry$$00000000) refers (Special) to rtentry2.o(.ARM.Collect$$rtentry$$00000009) for __rt_entry_postsh_1
    rtentry.o(.ARM.Collect$$rtentry$$00000000) refers (Special) to rtentry2.o(.ARM.Collect$$rtentry$$00000002) for __rt_entry_presh_1
    rtentry.o(.ARM.Collect$$rtentry$$00000000) refers (Special) to rtentry4.o(.ARM.Collect$$rtentry$$00000004) for __rt_entry_sh
    rtentry2.o(.ARM.Collect$$rtentry$$00000008) refers to boardinit2.o(.text) for _platform_post_stackheap_init
    rtentry2.o(.ARM.Collect$$rtentry$$0000000A) refers to libinit.o(.ARM.Collect$$libinit$$00000000) for __rt_lib_init
    rtentry2.o(.ARM.Collect$$rtentry$$0000000B) refers to boardinit3.o(.text) for _platform_post_lib_init
    rtentry2.o(.ARM.Collect$$rtentry$$0000000D) refers to main.o(.text) for main
    rtentry2.o(.ARM.Collect$$rtentry$$0000000D) refers to exit.o(.text) for exit
    rtentry2.o(.ARM.exidx) refers to rtentry2.o(.ARM.Collect$$rtentry$$00000001) for .ARM.Collect$$rtentry$$00000001
    rtentry2.o(.ARM.exidx) refers to rtentry2.o(.ARM.Collect$$rtentry$$00000008) for .ARM.Collect$$rtentry$$00000008
    rtentry2.o(.ARM.exidx) refers to rtentry2.o(.ARM.Collect$$rtentry$$0000000A) for .ARM.Collect$$rtentry$$0000000A
    rtentry2.o(.ARM.exidx) refers to rtentry2.o(.ARM.Collect$$rtentry$$0000000B) for .ARM.Collect$$rtentry$$0000000B
    rtentry2.o(.ARM.exidx) refers to rtentry2.o(.ARM.Collect$$rtentry$$0000000D) for .ARM.Collect$$rtentry$$0000000D
    rtentry4.o(.ARM.Collect$$rtentry$$00000004) refers to sys_stackheap_outer.o(.text) for __user_setup_stackheap
    rtentry4.o(.ARM.exidx) refers to rtentry4.o(.ARM.Collect$$rtentry$$00000004) for .ARM.Collect$$rtentry$$00000004
    sys_stackheap_outer.o(.text) refers to libspace.o(.text) for __user_perproc_libspace
    sys_stackheap_outer.o(.text) refers to startup_stm32f10x_md.o(.text) for __user_initial_stackheap
    exit.o(.text) refers to rtexit.o(.ARM.Collect$$rtexit$$00000000) for __rt_exit
    libinit.o(.ARM.Collect$$libinit$$00000000) refers (Special) to libinit2.o(.ARM.Collect$$libinit$$0000002C) for __rt_lib_init_alloca_1
    libinit.o(.ARM.Collect$$libinit$$00000000) refers (Special) to libinit2.o(.ARM.Collect$$libinit$$0000002A) for __rt_lib_init_argv_1
    libinit.o(.ARM.Collect$$libinit$$00000000) refers (Special) to libinit2.o(.ARM.Collect$$libinit$$00000019) for __rt_lib_init_atexit_1
    libinit.o(.ARM.Collect$$libinit$$00000000) refers (Special) to libinit2.o(.ARM.Collect$$libinit$$0000001F) for __rt_lib_init_clock_1
    libinit.o(.ARM.Collect$$libinit$$00000000) refers (Special) to libinit2.o(.ARM.Collect$$libinit$$00000030) for __rt_lib_init_cpp_1
    libinit.o(.ARM.Collect$$libinit$$00000000) refers (Special) to libinit2.o(.ARM.Collect$$libinit$$0000002E) for __rt_lib_init_exceptions_1
    libinit.o(.ARM.Collect$$libinit$$00000000) refers (Special) to libinit2.o(.ARM.Collect$$libinit$$00000002) for __rt_lib_init_fp_1
    libinit.o(.ARM.Collect$$libinit$$00000000) refers (Special) to libinit2.o(.ARM.Collect$$libinit$$0000001D) for __rt_lib_init_fp_trap_1
    libinit.o(.ARM.Collect$$libinit$$00000000) refers (Special) to libinit2.o(.ARM.Collect$$libinit$$00000021) for __rt_lib_init_getenv_1
    libinit.o(.ARM.Collect$$libinit$$00000000) refers (Special) to libinit2.o(.ARM.Collect$$libinit$$00000008) for __rt_lib_init_heap_1
    libinit.o(.ARM.Collect$$libinit$$00000000) refers (Special) to libinit2.o(.ARM.Collect$$libinit$$0000000F) for __rt_lib_init_lc_collate_1
    libinit.o(.ARM.Collect$$libinit$$00000000) refers (Special) to libinit2.o(.ARM.Collect$$libinit$$00000011) for __rt_lib_init_lc_ctype_1
    libinit.o(.ARM.Collect$$libinit$$00000000) refers (Special) to libinit2.o(.ARM.Collect$$libinit$$00000013) for __rt_lib_init_lc_monetary_1
    libinit.o(.ARM.Collect$$libinit$$00000000) refers (Special) to libinit2.o(.ARM.Collect$$libinit$$00000015) for __rt_lib_init_lc_numeric_1
    libinit.o(.ARM.Collect$$libinit$$00000000) refers (Special) to libinit2.o(.ARM.Collect$$libinit$$00000017) for __rt_lib_init_lc_time_1
    libinit.o(.ARM.Collect$$libinit$$00000000) refers (Special) to libinit2.o(.ARM.Collect$$libinit$$0000000C) for __rt_lib_init_rand_1
    libinit.o(.ARM.Collect$$libinit$$00000000) refers (Special) to libinit2.o(.ARM.Collect$$libinit$$00000031) for __rt_lib_init_return
    libinit.o(.ARM.Collect$$libinit$$00000000) refers (Special) to libinit2.o(.ARM.Collect$$libinit$$0000001B) for __rt_lib_init_signal_1
    libinit.o(.ARM.Collect$$libinit$$00000000) refers (Special) to libinit2.o(.ARM.Collect$$libinit$$00000023) for __rt_lib_init_stdio_1
    libinit.o(.ARM.Collect$$libinit$$00000000) refers (Special) to libinit2.o(.ARM.Collect$$libinit$$0000000A) for __rt_lib_init_user_alloc_1
    libspace.o(.text) refers to libspace.o(.bss) for __libspace_start
    rtexit.o(.ARM.Collect$$rtexit$$00000000) refers (Special) to rtexit2.o(.ARM.Collect$$rtexit$$00000004) for __rt_exit_exit
    rtexit.o(.ARM.Collect$$rtexit$$00000000) refers (Special) to rtexit2.o(.ARM.Collect$$rtexit$$00000003) for __rt_exit_ls
    rtexit.o(.ARM.Collect$$rtexit$$00000000) refers (Special) to rtexit2.o(.ARM.Collect$$rtexit$$00000002) for __rt_exit_prels_1
    rtexit.o(.ARM.exidx) refers (Special) to rtexit2.o(.ARM.Collect$$rtexit$$00000004) for __rt_exit_exit
    rtexit.o(.ARM.exidx) refers (Special) to rtexit2.o(.ARM.Collect$$rtexit$$00000003) for __rt_exit_ls
    rtexit.o(.ARM.exidx) refers (Special) to rtexit2.o(.ARM.Collect$$rtexit$$00000002) for __rt_exit_prels_1
    rtexit.o(.ARM.exidx) refers to rtexit.o(.ARM.Collect$$rtexit$$00000000) for .ARM.Collect$$rtexit$$00000000
    libinit2.o(.ARM.Collect$$libinit$$0000000E) refers to libinit2.o(.ARM.Collect$$libinit$$0000000D) for .ARM.Collect$$libinit$$0000000D
    libinit2.o(.ARM.Collect$$libinit$$00000010) refers to libinit2.o(.ARM.Collect$$libinit$$0000000D) for .ARM.Collect$$libinit$$0000000D
    libinit2.o(.ARM.Collect$$libinit$$00000012) refers to libinit2.o(.ARM.Collect$$libinit$$0000000D) for .ARM.Collect$$libinit$$0000000D
    libinit2.o(.ARM.Collect$$libinit$$00000014) refers to libinit2.o(.ARM.Collect$$libinit$$0000000D) for .ARM.Collect$$libinit$$0000000D
    libinit2.o(.ARM.Collect$$libinit$$00000016) refers to libinit2.o(.ARM.Collect$$libinit$$0000000D) for .ARM.Collect$$libinit$$0000000D
    libinit2.o(.ARM.Collect$$libinit$$00000024) refers to argv_veneer.o(.emb_text) for __ARM_argv_veneer
    libinit2.o(.ARM.Collect$$libinit$$00000025) refers to argv_veneer.o(.emb_text) for __ARM_argv_veneer
    rtexit2.o(.ARM.Collect$$rtexit$$00000003) refers to libshutdown.o(.ARM.Collect$$libshutdown$$00000000) for __rt_lib_shutdown
    rtexit2.o(.ARM.Collect$$rtexit$$00000004) refers to sys_exit.o(.text) for _sys_exit
    rtexit2.o(.ARM.exidx) refers to rtexit2.o(.ARM.Collect$$rtexit$$00000001) for .ARM.Collect$$rtexit$$00000001
    rtexit2.o(.ARM.exidx) refers to rtexit2.o(.ARM.Collect$$rtexit$$00000003) for .ARM.Collect$$rtexit$$00000003
    rtexit2.o(.ARM.exidx) refers to rtexit2.o(.ARM.Collect$$rtexit$$00000004) for .ARM.Collect$$rtexit$$00000004
    argv_veneer.o(.emb_text) refers to no_argv.o(.text) for __ARM_get_argv
    sys_exit.o(.text) refers (Special) to use_no_semi.o(.text) for __I$use$semihosting
    sys_exit.o(.text) refers (Special) to indicate_semi.o(.text) for __semihosting_library_function
    _get_argv_nomalloc.o(.text) refers (Special) to hrguard.o(.text) for __heap_region$guard
    _get_argv_nomalloc.o(.text) refers to defsig_rtmem_outer.o(.text) for __rt_SIGRTMEM
    _get_argv_nomalloc.o(.text) refers to sys_command.o(.text) for _sys_command_string
    libshutdown.o(.ARM.Collect$$libshutdown$$00000000) refers (Special) to libshutdown2.o(.ARM.Collect$$libshutdown$$00000006) for __rt_lib_shutdown_fp_trap_1
    libshutdown.o(.ARM.Collect$$libshutdown$$00000000) refers (Special) to libshutdown2.o(.ARM.Collect$$libshutdown$$0000000E) for __rt_lib_shutdown_heap_1
    libshutdown.o(.ARM.Collect$$libshutdown$$00000000) refers (Special) to libshutdown2.o(.ARM.Collect$$libshutdown$$0000000F) for __rt_lib_shutdown_return
    libshutdown.o(.ARM.Collect$$libshutdown$$00000000) refers (Special) to libshutdown2.o(.ARM.Collect$$libshutdown$$00000009) for __rt_lib_shutdown_signal_1
    libshutdown.o(.ARM.Collect$$libshutdown$$00000000) refers (Special) to libshutdown2.o(.ARM.Collect$$libshutdown$$00000003) for __rt_lib_shutdown_stdio_1
    libshutdown.o(.ARM.Collect$$libshutdown$$00000000) refers (Special) to libshutdown2.o(.ARM.Collect$$libshutdown$$0000000B) for __rt_lib_shutdown_user_alloc_1
    sys_command.o(.text) refers (Special) to use_no_semi.o(.text) for __I$use$semihosting
    sys_command.o(.text) refers (Special) to indicate_semi.o(.text) for __semihosting_library_function
    defsig_rtmem_outer.o(.text) refers to defsig_rtmem_inner.o(.text) for __rt_SIGRTMEM_inner
    defsig_rtmem_outer.o(.text) refers to defsig_exit.o(.text) for __sig_exit
    defsig_rtmem_formal.o(.text) refers to rt_raise.o(.text) for __rt_raise
    rt_raise.o(.text) refers to __raise.o(.text) for __raise
    rt_raise.o(.text) refers to sys_exit.o(.text) for _sys_exit
    defsig_exit.o(.text) refers to sys_exit.o(.text) for _sys_exit
    defsig_rtmem_inner.o(.text) refers to defsig_general.o(.text) for __default_signal_display
    __raise.o(.text) refers to defsig.o(CL$$defsig) for __default_signal_handler
    defsig_general.o(.text) refers to sys_wrch.o(.text) for _ttywrch
    sys_wrch.o(.text) refers (Special) to use_no_semi.o(.text) for __I$use$semihosting
    sys_wrch.o(.text) refers (Special) to indicate_semi.o(.text) for __semihosting_library_function
    defsig.o(CL$$defsig) refers to defsig_rtmem_inner.o(.text) for __rt_SIGRTMEM_inner
    defsig_abrt_inner.o(.text) refers to defsig_general.o(.text) for __default_signal_display
    defsig_fpe_inner.o(.text) refers to defsig_general.o(.text) for __default_signal_display
    defsig_rtred_inner.o(.text) refers to defsig_general.o(.text) for __default_signal_display
    defsig_stak_inner.o(.text) refers to defsig_general.o(.text) for __default_signal_display
    defsig_pvfn_inner.o(.text) refers to defsig_general.o(.text) for __default_signal_display
    defsig_cppl_inner.o(.text) refers to defsig_general.o(.text) for __default_signal_display
    defsig_segv_inner.o(.text) refers to defsig_general.o(.text) for __default_signal_display
    defsig_other.o(.text) refers to defsig_general.o(.text) for __default_signal_display


==============================================================================

Removing Unused input sections from the image.

    Removing main.o(.rev16_text), (4 bytes).
    Removing main.o(.revsh_text), (4 bytes).
    Removing init.o(.rev16_text), (4 bytes).
    Removing init.o(.revsh_text), (4 bytes).
    Removing led.o(.rev16_text), (4 bytes).
    Removing led.o(.revsh_text), (4 bytes).
    Removing communication.o(.rev16_text), (4 bytes).
    Removing communication.o(.revsh_text), (4 bytes).
    Removing movement.o(.rev16_text), (4 bytes).
    Removing movement.o(.revsh_text), (4 bytes).
    Removing stm32f10x_exti.o(.rev16_text), (4 bytes).
    Removing stm32f10x_exti.o(.revsh_text), (4 bytes).
    Removing stm32f10x_flash.o(.rev16_text), (4 bytes).
    Removing stm32f10x_flash.o(.revsh_text), (4 bytes).
    Removing stm32f10x_gpio.o(.rev16_text), (4 bytes).
    Removing stm32f10x_gpio.o(.revsh_text), (4 bytes).
    Removing stm32f10x_i2c.o(.rev16_text), (4 bytes).
    Removing stm32f10x_i2c.o(.revsh_text), (4 bytes).
    Removing stm32f10x_rcc.o(.rev16_text), (4 bytes).
    Removing stm32f10x_rcc.o(.revsh_text), (4 bytes).
    Removing stm32f10x_tim.o(.rev16_text), (4 bytes).
    Removing stm32f10x_tim.o(.revsh_text), (4 bytes).
    Removing system_stm32f10x.o(.rev16_text), (4 bytes).
    Removing system_stm32f10x.o(.revsh_text), (4 bytes).
    Removing misc.o(.rev16_text), (4 bytes).
    Removing misc.o(.revsh_text), (4 bytes).

26 unused section(s) (total 104 bytes) removed from the image.

==============================================================================

Image Symbol Table

    Local Symbols

    Symbol Name                              Value     Ov Type        Size  Object(Section)

    ../clib/angel/boardlib.s                 0x00000000   Number         0  boardinit2.o ABSOLUTE
    ../clib/angel/boardlib.s                 0x00000000   Number         0  boardinit1.o ABSOLUTE
    ../clib/angel/boardlib.s                 0x00000000   Number         0  boardshut.o ABSOLUTE
    ../clib/angel/boardlib.s                 0x00000000   Number         0  boardinit3.o ABSOLUTE
    ../clib/angel/handlers.s                 0x00000000   Number         0  __scatter_zi.o ABSOLUTE
    ../clib/angel/handlers.s                 0x00000000   Number         0  __scatter_copy.o ABSOLUTE
    ../clib/angel/kernel.s                   0x00000000   Number         0  rtexit2.o ABSOLUTE
    ../clib/angel/kernel.s                   0x00000000   Number         0  rtexit.o ABSOLUTE
    ../clib/angel/kernel.s                   0x00000000   Number         0  rtentry4.o ABSOLUTE
    ../clib/angel/kernel.s                   0x00000000   Number         0  rtentry.o ABSOLUTE
    ../clib/angel/kernel.s                   0x00000000   Number         0  rtentry2.o ABSOLUTE
    ../clib/angel/rt.s                       0x00000000   Number         0  rt_raise.o ABSOLUTE
    ../clib/angel/scatter.s                  0x00000000   Number         0  __scatter.o ABSOLUTE
    ../clib/angel/startup.s                  0x00000000   Number         0  __main.o ABSOLUTE
    ../clib/angel/sys.s                      0x00000000   Number         0  libspace.o ABSOLUTE
    ../clib/angel/sys.s                      0x00000000   Number         0  sys_stackheap_outer.o ABSOLUTE
    ../clib/angel/sys.s                      0x00000000   Number         0  indicate_semi.o ABSOLUTE
    ../clib/angel/sys.s                      0x00000000   Number         0  use_no_semi.o ABSOLUTE
    ../clib/angel/sysapp.c                   0x00000000   Number         0  sys_command.o ABSOLUTE
    ../clib/angel/sysapp.c                   0x00000000   Number         0  sys_exit.o ABSOLUTE
    ../clib/angel/sysapp.c                   0x00000000   Number         0  sys_wrch.o ABSOLUTE
    ../clib/armsys.c                         0x00000000   Number         0  argv_veneer.o ABSOLUTE
    ../clib/armsys.c                         0x00000000   Number         0  argv_veneer.o ABSOLUTE
    ../clib/armsys.c                         0x00000000   Number         0  _get_argv_nomalloc.o ABSOLUTE
    ../clib/armsys.c                         0x00000000   Number         0  no_argv.o ABSOLUTE
    ../clib/heapalloc.c                      0x00000000   Number         0  hrguard.o ABSOLUTE
    ../clib/heapaux.c                        0x00000000   Number         0  heapauxi.o ABSOLUTE
    ../clib/libinit.s                        0x00000000   Number         0  libinit.o ABSOLUTE
    ../clib/libinit.s                        0x00000000   Number         0  libinit2.o ABSOLUTE
    ../clib/libinit.s                        0x00000000   Number         0  libshutdown.o ABSOLUTE
    ../clib/libinit.s                        0x00000000   Number         0  libshutdown2.o ABSOLUTE
    ../clib/memcpset.s                       0x00000000   Number         0  rt_memcpy_w.o ABSOLUTE
    ../clib/memcpset.s                       0x00000000   Number         0  rt_memcpy_v6.o ABSOLUTE
    ../clib/signal.c                         0x00000000   Number         0  defsig_segv_inner.o ABSOLUTE
    ../clib/signal.c                         0x00000000   Number         0  defsig_cppl_inner.o ABSOLUTE
    ../clib/signal.c                         0x00000000   Number         0  defsig_stak_inner.o ABSOLUTE
    ../clib/signal.c                         0x00000000   Number         0  defsig_rtred_inner.o ABSOLUTE
    ../clib/signal.c                         0x00000000   Number         0  defsig_fpe_inner.o ABSOLUTE
    ../clib/signal.c                         0x00000000   Number         0  defsig_abrt_inner.o ABSOLUTE
    ../clib/signal.c                         0x00000000   Number         0  defsig_general.o ABSOLUTE
    ../clib/signal.c                         0x00000000   Number         0  __raise.o ABSOLUTE
    ../clib/signal.c                         0x00000000   Number         0  defsig_pvfn_inner.o ABSOLUTE
    ../clib/signal.c                         0x00000000   Number         0  defsig_exit.o ABSOLUTE
    ../clib/signal.c                         0x00000000   Number         0  defsig_rtmem_formal.o ABSOLUTE
    ../clib/signal.c                         0x00000000   Number         0  defsig_rtmem_outer.o ABSOLUTE
    ../clib/signal.c                         0x00000000   Number         0  defsig_rtmem_inner.o ABSOLUTE
    ../clib/signal.c                         0x00000000   Number         0  defsig_other.o ABSOLUTE
    ../clib/signal.s                         0x00000000   Number         0  defsig.o ABSOLUTE
    ../clib/stdlib.c                         0x00000000   Number         0  exit.o ABSOLUTE
    ../fplib/fpinit.s                        0x00000000   Number         0  fpinit.o ABSOLUTE
    C:\Keil_v5\ARM\PACK\Keil\STM32F1xx_DFP\1.1.0\Device\StdPeriph_Driver\src\misc.c 0x00000000   Number         0  misc.o ABSOLUTE
    C:\Keil_v5\ARM\PACK\Keil\STM32F1xx_DFP\1.1.0\Device\StdPeriph_Driver\src\stm32f10x_exti.c 0x00000000   Number         0  stm32f10x_exti.o ABSOLUTE
    C:\Keil_v5\ARM\PACK\Keil\STM32F1xx_DFP\1.1.0\Device\StdPeriph_Driver\src\stm32f10x_flash.c 0x00000000   Number         0  stm32f10x_flash.o ABSOLUTE
    C:\Keil_v5\ARM\PACK\Keil\STM32F1xx_DFP\1.1.0\Device\StdPeriph_Driver\src\stm32f10x_gpio.c 0x00000000   Number         0  stm32f10x_gpio.o ABSOLUTE
    C:\Keil_v5\ARM\PACK\Keil\STM32F1xx_DFP\1.1.0\Device\StdPeriph_Driver\src\stm32f10x_i2c.c 0x00000000   Number         0  stm32f10x_i2c.o ABSOLUTE
    C:\Keil_v5\ARM\PACK\Keil\STM32F1xx_DFP\1.1.0\Device\StdPeriph_Driver\src\stm32f10x_rcc.c 0x00000000   Number         0  stm32f10x_rcc.o ABSOLUTE
    C:\Keil_v5\ARM\PACK\Keil\STM32F1xx_DFP\1.1.0\Device\StdPeriph_Driver\src\stm32f10x_tim.c 0x00000000   Number         0  stm32f10x_tim.o ABSOLUTE
    C:\\Keil_v5\\ARM\\PACK\\Keil\\STM32F1xx_DFP\\1.1.0\\Device\\StdPeriph_Driver\\src\\misc.c 0x00000000   Number         0  misc.o ABSOLUTE
    C:\\Keil_v5\\ARM\\PACK\\Keil\\STM32F1xx_DFP\\1.1.0\\Device\\StdPeriph_Driver\\src\\stm32f10x_exti.c 0x00000000   Number         0  stm32f10x_exti.o ABSOLUTE
    C:\\Keil_v5\\ARM\\PACK\\Keil\\STM32F1xx_DFP\\1.1.0\\Device\\StdPeriph_Driver\\src\\stm32f10x_flash.c 0x00000000   Number         0  stm32f10x_flash.o ABSOLUTE
    C:\\Keil_v5\\ARM\\PACK\\Keil\\STM32F1xx_DFP\\1.1.0\\Device\\StdPeriph_Driver\\src\\stm32f10x_gpio.c 0x00000000   Number         0  stm32f10x_gpio.o ABSOLUTE
    C:\\Keil_v5\\ARM\\PACK\\Keil\\STM32F1xx_DFP\\1.1.0\\Device\\StdPeriph_Driver\\src\\stm32f10x_i2c.c 0x00000000   Number         0  stm32f10x_i2c.o ABSOLUTE
    C:\\Keil_v5\\ARM\\PACK\\Keil\\STM32F1xx_DFP\\1.1.0\\Device\\StdPeriph_Driver\\src\\stm32f10x_rcc.c 0x00000000   Number         0  stm32f10x_rcc.o ABSOLUTE
    C:\\Keil_v5\\ARM\\PACK\\Keil\\STM32F1xx_DFP\\1.1.0\\Device\\StdPeriph_Driver\\src\\stm32f10x_tim.c 0x00000000   Number         0  stm32f10x_tim.o ABSOLUTE
    RTE\Device\STM32F103C8\startup_stm32f10x_md.s 0x00000000   Number         0  startup_stm32f10x_md.o ABSOLUTE
    RTE\Device\STM32F103C8\system_stm32f10x.c 0x00000000   Number         0  system_stm32f10x.o ABSOLUTE
    RTE\\Device\\STM32F103C8\\system_stm32f10x.c 0x00000000   Number         0  system_stm32f10x.o ABSOLUTE
    User\Movement.c                          0x00000000   Number         0  movement.o ABSOLUTE
    User\\Movement.c                         0x00000000   Number         0  movement.o ABSOLUTE
    User\\communication.c                    0x00000000   Number         0  communication.o ABSOLUTE
    User\\init.c                             0x00000000   Number         0  init.o ABSOLUTE
    User\\led.c                              0x00000000   Number         0  led.o ABSOLUTE
    User\\main.c                             0x00000000   Number         0  main.o ABSOLUTE
    User\communication.c                     0x00000000   Number         0  communication.o ABSOLUTE
    User\init.c                              0x00000000   Number         0  init.o ABSOLUTE
    User\led.c                               0x00000000   Number         0  led.o ABSOLUTE
    User\main.c                              0x00000000   Number         0  main.o ABSOLUTE
    dc.s                                     0x00000000   Number         0  dc.o ABSOLUTE
    RESET                                    0x08005000   Section      236  startup_stm32f10x_md.o(RESET)
    !!!main                                  0x080050ec   Section        8  __main.o(!!!main)
    !!!scatter                               0x080050f4   Section       52  __scatter.o(!!!scatter)
    !!handler_copy                           0x08005128   Section       26  __scatter_copy.o(!!handler_copy)
    !!handler_zi                             0x08005144   Section       28  __scatter_zi.o(!!handler_zi)
    .ARM.Collect$$libinit$$00000000          0x08005160   Section        2  libinit.o(.ARM.Collect$$libinit$$00000000)
    .ARM.Collect$$libinit$$00000002          0x08005162   Section        0  libinit2.o(.ARM.Collect$$libinit$$00000002)
    .ARM.Collect$$libinit$$00000008          0x08005162   Section        0  libinit2.o(.ARM.Collect$$libinit$$00000008)
    .ARM.Collect$$libinit$$0000000A          0x08005162   Section        0  libinit2.o(.ARM.Collect$$libinit$$0000000A)
    .ARM.Collect$$libinit$$0000000C          0x08005162   Section        0  libinit2.o(.ARM.Collect$$libinit$$0000000C)
    .ARM.Collect$$libinit$$0000000F          0x08005162   Section        0  libinit2.o(.ARM.Collect$$libinit$$0000000F)
    .ARM.Collect$$libinit$$00000011          0x08005162   Section        0  libinit2.o(.ARM.Collect$$libinit$$00000011)
    .ARM.Collect$$libinit$$00000013          0x08005162   Section        0  libinit2.o(.ARM.Collect$$libinit$$00000013)
    .ARM.Collect$$libinit$$00000015          0x08005162   Section        0  libinit2.o(.ARM.Collect$$libinit$$00000015)
    .ARM.Collect$$libinit$$00000017          0x08005162   Section        0  libinit2.o(.ARM.Collect$$libinit$$00000017)
    .ARM.Collect$$libinit$$00000019          0x08005162   Section        0  libinit2.o(.ARM.Collect$$libinit$$00000019)
    .ARM.Collect$$libinit$$0000001B          0x08005162   Section        0  libinit2.o(.ARM.Collect$$libinit$$0000001B)
    .ARM.Collect$$libinit$$0000001D          0x08005162   Section        0  libinit2.o(.ARM.Collect$$libinit$$0000001D)
    .ARM.Collect$$libinit$$0000001F          0x08005162   Section        0  libinit2.o(.ARM.Collect$$libinit$$0000001F)
    .ARM.Collect$$libinit$$00000021          0x08005162   Section        0  libinit2.o(.ARM.Collect$$libinit$$00000021)
    .ARM.Collect$$libinit$$00000023          0x08005162   Section        0  libinit2.o(.ARM.Collect$$libinit$$00000023)
    .ARM.Collect$$libinit$$0000002A          0x08005162   Section        0  libinit2.o(.ARM.Collect$$libinit$$0000002A)
    .ARM.Collect$$libinit$$0000002C          0x08005162   Section        0  libinit2.o(.ARM.Collect$$libinit$$0000002C)
    .ARM.Collect$$libinit$$0000002E          0x08005162   Section        0  libinit2.o(.ARM.Collect$$libinit$$0000002E)
    .ARM.Collect$$libinit$$00000030          0x08005162   Section        0  libinit2.o(.ARM.Collect$$libinit$$00000030)
    .ARM.Collect$$libinit$$00000031          0x08005162   Section        2  libinit2.o(.ARM.Collect$$libinit$$00000031)
    .ARM.Collect$$libshutdown$$00000000      0x08005164   Section        2  libshutdown.o(.ARM.Collect$$libshutdown$$00000000)
    .ARM.Collect$$libshutdown$$00000003      0x08005166   Section        0  libshutdown2.o(.ARM.Collect$$libshutdown$$00000003)
    .ARM.Collect$$libshutdown$$00000006      0x08005166   Section        0  libshutdown2.o(.ARM.Collect$$libshutdown$$00000006)
    .ARM.Collect$$libshutdown$$00000009      0x08005166   Section        0  libshutdown2.o(.ARM.Collect$$libshutdown$$00000009)
    .ARM.Collect$$libshutdown$$0000000B      0x08005166   Section        0  libshutdown2.o(.ARM.Collect$$libshutdown$$0000000B)
    .ARM.Collect$$libshutdown$$0000000E      0x08005166   Section        0  libshutdown2.o(.ARM.Collect$$libshutdown$$0000000E)
    .ARM.Collect$$libshutdown$$0000000F      0x08005166   Section        2  libshutdown2.o(.ARM.Collect$$libshutdown$$0000000F)
    .ARM.Collect$$rtentry$$00000000          0x08005168   Section        0  rtentry.o(.ARM.Collect$$rtentry$$00000000)
    .ARM.Collect$$rtentry$$00000002          0x08005168   Section        0  rtentry2.o(.ARM.Collect$$rtentry$$00000002)
    .ARM.Collect$$rtentry$$00000004          0x08005168   Section        6  rtentry4.o(.ARM.Collect$$rtentry$$00000004)
    .ARM.Collect$$rtentry$$00000009          0x0800516e   Section        0  rtentry2.o(.ARM.Collect$$rtentry$$00000009)
    .ARM.Collect$$rtentry$$0000000A          0x0800516e   Section        4  rtentry2.o(.ARM.Collect$$rtentry$$0000000A)
    .ARM.Collect$$rtentry$$0000000C          0x08005172   Section        0  rtentry2.o(.ARM.Collect$$rtentry$$0000000C)
    .ARM.Collect$$rtentry$$0000000D          0x08005172   Section        8  rtentry2.o(.ARM.Collect$$rtentry$$0000000D)
    .ARM.Collect$$rtexit$$00000000           0x0800517a   Section        2  rtexit.o(.ARM.Collect$$rtexit$$00000000)
    .ARM.Collect$$rtexit$$00000002           0x0800517c   Section        0  rtexit2.o(.ARM.Collect$$rtexit$$00000002)
    .ARM.Collect$$rtexit$$00000003           0x0800517c   Section        4  rtexit2.o(.ARM.Collect$$rtexit$$00000003)
    .ARM.Collect$$rtexit$$00000004           0x08005180   Section        6  rtexit2.o(.ARM.Collect$$rtexit$$00000004)
    .text                                    0x08005188   Section        0  main.o(.text)
    .text                                    0x080054f8   Section        0  init.o(.text)
    .text                                    0x08005704   Section        0  led.o(.text)
    .text                                    0x08005d78   Section        0  communication.o(.text)
    .text                                    0x08005f9c   Section        0  movement.o(.text)
    NVIC_EnableIRQ                           0x080062c5   Thumb Code    22  movement.o(.text)
    .text                                    0x080062f8   Section        0  stm32f10x_exti.o(.text)
    .text                                    0x08006414   Section        0  stm32f10x_flash.o(.text)
    .text                                    0x080069d0   Section        0  stm32f10x_gpio.o(.text)
    .text                                    0x08006d2c   Section        0  stm32f10x_i2c.o(.text)
    .text                                    0x08007130   Section        0  stm32f10x_rcc.o(.text)
    .text                                    0x080074d4   Section        0  stm32f10x_tim.o(.text)
    TI4_Config                               0x0800797b   Thumb Code   130  stm32f10x_tim.o(.text)
    TI3_Config                               0x08007a0f   Thumb Code   122  stm32f10x_tim.o(.text)
    TI2_Config                               0x08007aa3   Thumb Code   130  stm32f10x_tim.o(.text)
    TI1_Config                               0x08007b37   Thumb Code   108  stm32f10x_tim.o(.text)
    .text                                    0x080082f0   Section       64  startup_stm32f10x_md.o(.text)
    .text                                    0x08008330   Section        0  system_stm32f10x.o(.text)
    SetSysClockTo72                          0x08008331   Thumb Code   214  system_stm32f10x.o(.text)
    SetSysClock                              0x08008407   Thumb Code     8  system_stm32f10x.o(.text)
    .text                                    0x08008510   Section        0  misc.o(.text)
    .text                                    0x080085ec   Section      138  rt_memcpy_v6.o(.text)
    .text                                    0x08008676   Section        0  heapauxi.o(.text)
    .text                                    0x0800867c   Section      100  rt_memcpy_w.o(.text)
    .text                                    0x080086e0   Section       74  sys_stackheap_outer.o(.text)
    .text                                    0x0800872a   Section        0  exit.o(.text)
    .text                                    0x08008738   Section        8  libspace.o(.text)
    .text                                    0x08008740   Section        0  sys_exit.o(.text)
    .text                                    0x0800874c   Section        2  use_no_semi.o(.text)
    .text                                    0x0800874e   Section        0  indicate_semi.o(.text)
    .data                                    0x20000000   Section       32  main.o(.data)
    .data                                    0x20000020   Section       24  led.o(.data)
    LED_Counter                              0x20000028   Data           8  led.o(.data)
    IsIncrease                               0x20000030   Data           1  led.o(.data)
    Breathing_Counter                        0x20000034   Data           4  led.o(.data)
    .data                                    0x20000038   Section        1  communication.o(.data)
    Counter                                  0x20000038   Data           1  communication.o(.data)
    .data                                    0x20000040   Section        8  movement.o(.data)
    Counter                                  0x20000040   Data           8  movement.o(.data)
    .data                                    0x20000048   Section       20  stm32f10x_rcc.o(.data)
    APBAHBPrescTable                         0x20000048   Data          16  stm32f10x_rcc.o(.data)
    ADCPrescTable                            0x20000058   Data           4  stm32f10x_rcc.o(.data)
    .data                                    0x2000005c   Section       20  system_stm32f10x.o(.data)
    .bss                                     0x20000070   Section       35  main.o(.bss)
    .bss                                     0x20000093   Section       33  communication.o(.bss)
    .bss                                     0x200000b4   Section       96  libspace.o(.bss)
    HEAP                                     0x20000118   Section      512  startup_stm32f10x_md.o(HEAP)
    Heap_Mem                                 0x20000118   Data         512  startup_stm32f10x_md.o(HEAP)
    STACK                                    0x20000318   Section     1024  startup_stm32f10x_md.o(STACK)
    Stack_Mem                                0x20000318   Data        1024  startup_stm32f10x_md.o(STACK)
    __initial_sp                             0x20000718   Data           0  startup_stm32f10x_md.o(STACK)

    Global Symbols

    Symbol Name                              Value     Ov Type        Size  Object(Section)

    BuildAttributes$$THM_ISAv4$P$D$K$B$S$PE$A:L22UL41UL21$X:L11$S22US41US21$IEEE1$IW$USESV6$~STKCKD$USESV7$~SHL$OSPACE$ROPI$EBA8$UX$STANDARDLIB$REQ8$PRES8$EABIv2 0x00000000   Number         0  anon$$obj.o ABSOLUTE
    __ARM_use_no_argv                        0x00000000   Number         0  main.o ABSOLUTE
    __ARM_exceptions_init                     - Undefined Weak Reference
    __alloca_initialize                       - Undefined Weak Reference
    __cpp_initialize__aeabi_                  - Undefined Weak Reference
    __cxa_finalize                            - Undefined Weak Reference
    __rt_locale                               - Undefined Weak Reference
    __sigvec_lookup                           - Undefined Weak Reference
    _atexit_init                              - Undefined Weak Reference
    _call_atexit_fns                          - Undefined Weak Reference
    _clock_init                               - Undefined Weak Reference
    _fp_trap_init                             - Undefined Weak Reference
    _fp_trap_shutdown                         - Undefined Weak Reference
    _get_lc_collate                           - Undefined Weak Reference
    _get_lc_ctype                             - Undefined Weak Reference
    _get_lc_monetary                          - Undefined Weak Reference
    _get_lc_numeric                           - Undefined Weak Reference
    _get_lc_time                              - Undefined Weak Reference
    _getenv_init                              - Undefined Weak Reference
    _handle_redirection                       - Undefined Weak Reference
    _init_alloc                               - Undefined Weak Reference
    _init_user_alloc                          - Undefined Weak Reference
    _initio                                   - Undefined Weak Reference
    _rand_init                                - Undefined Weak Reference
    _signal_finish                            - Undefined Weak Reference
    _signal_init                              - Undefined Weak Reference
    _terminate_alloc                          - Undefined Weak Reference
    _terminate_user_alloc                     - Undefined Weak Reference
    _terminateio                              - Undefined Weak Reference
    __Vectors_Size                           0x000000ec   Number         0  startup_stm32f10x_md.o ABSOLUTE
    __Vectors                                0x08005000   Data           4  startup_stm32f10x_md.o(RESET)
    __Vectors_End                            0x080050ec   Data           0  startup_stm32f10x_md.o(RESET)
    __main                                   0x080050ed   Thumb Code     8  __main.o(!!!main)
    __scatterload                            0x080050f5   Thumb Code     0  __scatter.o(!!!scatter)
    __scatterload_rt2                        0x080050f5   Thumb Code    44  __scatter.o(!!!scatter)
    __scatterload_rt2_thumb_only             0x080050f5   Thumb Code     0  __scatter.o(!!!scatter)
    __scatterload_null                       0x08005103   Thumb Code     0  __scatter.o(!!!scatter)
    __scatterload_copy                       0x08005129   Thumb Code    26  __scatter_copy.o(!!handler_copy)
    __scatterload_zeroinit                   0x08005145   Thumb Code    28  __scatter_zi.o(!!handler_zi)
    __rt_lib_init                            0x08005161   Thumb Code     0  libinit.o(.ARM.Collect$$libinit$$00000000)
    __rt_lib_init_alloca_1                   0x08005163   Thumb Code     0  libinit2.o(.ARM.Collect$$libinit$$0000002C)
    __rt_lib_init_argv_1                     0x08005163   Thumb Code     0  libinit2.o(.ARM.Collect$$libinit$$0000002A)
    __rt_lib_init_atexit_1                   0x08005163   Thumb Code     0  libinit2.o(.ARM.Collect$$libinit$$00000019)
    __rt_lib_init_clock_1                    0x08005163   Thumb Code     0  libinit2.o(.ARM.Collect$$libinit$$0000001F)
    __rt_lib_init_cpp_1                      0x08005163   Thumb Code     0  libinit2.o(.ARM.Collect$$libinit$$00000030)
    __rt_lib_init_exceptions_1               0x08005163   Thumb Code     0  libinit2.o(.ARM.Collect$$libinit$$0000002E)
    __rt_lib_init_fp_1                       0x08005163   Thumb Code     0  libinit2.o(.ARM.Collect$$libinit$$00000002)
    __rt_lib_init_fp_trap_1                  0x08005163   Thumb Code     0  libinit2.o(.ARM.Collect$$libinit$$0000001D)
    __rt_lib_init_getenv_1                   0x08005163   Thumb Code     0  libinit2.o(.ARM.Collect$$libinit$$00000021)
    __rt_lib_init_heap_1                     0x08005163   Thumb Code     0  libinit2.o(.ARM.Collect$$libinit$$00000008)
    __rt_lib_init_lc_collate_1               0x08005163   Thumb Code     0  libinit2.o(.ARM.Collect$$libinit$$0000000F)
    __rt_lib_init_lc_ctype_1                 0x08005163   Thumb Code     0  libinit2.o(.ARM.Collect$$libinit$$00000011)
    __rt_lib_init_lc_monetary_1              0x08005163   Thumb Code     0  libinit2.o(.ARM.Collect$$libinit$$00000013)
    __rt_lib_init_lc_numeric_1               0x08005163   Thumb Code     0  libinit2.o(.ARM.Collect$$libinit$$00000015)
    __rt_lib_init_lc_time_1                  0x08005163   Thumb Code     0  libinit2.o(.ARM.Collect$$libinit$$00000017)
    __rt_lib_init_rand_1                     0x08005163   Thumb Code     0  libinit2.o(.ARM.Collect$$libinit$$0000000C)
    __rt_lib_init_return                     0x08005163   Thumb Code     0  libinit2.o(.ARM.Collect$$libinit$$00000031)
    __rt_lib_init_signal_1                   0x08005163   Thumb Code     0  libinit2.o(.ARM.Collect$$libinit$$0000001B)
    __rt_lib_init_stdio_1                    0x08005163   Thumb Code     0  libinit2.o(.ARM.Collect$$libinit$$00000023)
    __rt_lib_init_user_alloc_1               0x08005163   Thumb Code     0  libinit2.o(.ARM.Collect$$libinit$$0000000A)
    __rt_lib_shutdown                        0x08005165   Thumb Code     0  libshutdown.o(.ARM.Collect$$libshutdown$$00000000)
    __rt_lib_shutdown_fp_trap_1              0x08005167   Thumb Code     0  libshutdown2.o(.ARM.Collect$$libshutdown$$00000006)
    __rt_lib_shutdown_heap_1                 0x08005167   Thumb Code     0  libshutdown2.o(.ARM.Collect$$libshutdown$$0000000E)
    __rt_lib_shutdown_return                 0x08005167   Thumb Code     0  libshutdown2.o(.ARM.Collect$$libshutdown$$0000000F)
    __rt_lib_shutdown_signal_1               0x08005167   Thumb Code     0  libshutdown2.o(.ARM.Collect$$libshutdown$$00000009)
    __rt_lib_shutdown_stdio_1                0x08005167   Thumb Code     0  libshutdown2.o(.ARM.Collect$$libshutdown$$00000003)
    __rt_lib_shutdown_user_alloc_1           0x08005167   Thumb Code     0  libshutdown2.o(.ARM.Collect$$libshutdown$$0000000B)
    __rt_entry                               0x08005169   Thumb Code     0  rtentry.o(.ARM.Collect$$rtentry$$00000000)
    __rt_entry_presh_1                       0x08005169   Thumb Code     0  rtentry2.o(.ARM.Collect$$rtentry$$00000002)
    __rt_entry_sh                            0x08005169   Thumb Code     0  rtentry4.o(.ARM.Collect$$rtentry$$00000004)
    __rt_entry_li                            0x0800516f   Thumb Code     0  rtentry2.o(.ARM.Collect$$rtentry$$0000000A)
    __rt_entry_postsh_1                      0x0800516f   Thumb Code     0  rtentry2.o(.ARM.Collect$$rtentry$$00000009)
    __rt_entry_main                          0x08005173   Thumb Code     0  rtentry2.o(.ARM.Collect$$rtentry$$0000000D)
    __rt_entry_postli_1                      0x08005173   Thumb Code     0  rtentry2.o(.ARM.Collect$$rtentry$$0000000C)
    __rt_exit                                0x0800517b   Thumb Code     0  rtexit.o(.ARM.Collect$$rtexit$$00000000)
    __rt_exit_ls                             0x0800517d   Thumb Code     0  rtexit2.o(.ARM.Collect$$rtexit$$00000003)
    __rt_exit_prels_1                        0x0800517d   Thumb Code     0  rtexit2.o(.ARM.Collect$$rtexit$$00000002)
    __rt_exit_exit                           0x08005181   Thumb Code     0  rtexit2.o(.ARM.Collect$$rtexit$$00000004)
    flash_write                              0x08005189   Thumb Code   178  main.o(.text)
    flash_read                               0x0800523b   Thumb Code    50  main.o(.text)
    SaveData                                 0x0800526d   Thumb Code   342  main.o(.text)
    SysInit                                  0x080053c3   Thumb Code   214  main.o(.text)
    main                                     0x08005499   Thumb Code    36  main.o(.text)
    SysTick_Handler                          0x080054bd   Thumb Code    20  main.o(.text)
    SystickInit                              0x080054f9   Thumb Code    82  init.o(.text)
    SystemClockInit                          0x0800554b   Thumb Code   114  init.o(.text)
    GPIOInit                                 0x080055bd   Thumb Code   128  init.o(.text)
    TimerInit                                0x0800563d   Thumb Code   166  init.o(.text)
    TIM2_SetDuty                             0x08005705   Thumb Code    66  led.o(.text)
    TIM2_ChannelCMD                          0x08005747   Thumb Code    48  led.o(.text)
    TIM2Init                                 0x08005777   Thumb Code   184  led.o(.text)
    LEDInit                                  0x0800582f   Thumb Code    40  led.o(.text)
    LED_Flash                                0x08005857   Thumb Code  1294  led.o(.text)
    I2CInit                                  0x08005d79   Thumb Code   176  communication.o(.text)
    I2C2_EV_IRQHandler                       0x08005e29   Thumb Code   332  communication.o(.text)
    TIM_IC_Init                              0x08005f9d   Thumb Code   310  movement.o(.text)
    ExtiInit                                 0x080060d3   Thumb Code   296  movement.o(.text)
    EXTI0_IRQHandler                         0x080061fb   Thumb Code    40  movement.o(.text)
    EXTI1_IRQHandler                         0x08006223   Thumb Code    28  movement.o(.text)
    EXTI9_5_IRQHandler                       0x0800623f   Thumb Code    80  movement.o(.text)
    GetTimerCounterData                      0x0800628f   Thumb Code     2  movement.o(.text)
    ClearCounterData                         0x08006291   Thumb Code    52  movement.o(.text)
    EXTI_DeInit                              0x080062f9   Thumb Code    28  stm32f10x_exti.o(.text)
    EXTI_Init                                0x08006315   Thumb Code   142  stm32f10x_exti.o(.text)
    EXTI_StructInit                          0x080063a3   Thumb Code    16  stm32f10x_exti.o(.text)
    EXTI_GenerateSWInterrupt                 0x080063b3   Thumb Code    16  stm32f10x_exti.o(.text)
    EXTI_GetFlagStatus                       0x080063c3   Thumb Code    22  stm32f10x_exti.o(.text)
    EXTI_ClearFlag                           0x080063d9   Thumb Code     8  stm32f10x_exti.o(.text)
    EXTI_GetITStatus                         0x080063e1   Thumb Code    34  stm32f10x_exti.o(.text)
    EXTI_ClearITPendingBit                   0x08006403   Thumb Code     8  stm32f10x_exti.o(.text)
    FLASH_SetLatency                         0x08006415   Thumb Code    18  stm32f10x_flash.o(.text)
    FLASH_HalfCycleAccessCmd                 0x08006427   Thumb Code    22  stm32f10x_flash.o(.text)
    FLASH_PrefetchBufferCmd                  0x0800643d   Thumb Code    22  stm32f10x_flash.o(.text)
    FLASH_Unlock                             0x08006453   Thumb Code    12  stm32f10x_flash.o(.text)
    FLASH_UnlockBank1                        0x0800645f   Thumb Code    12  stm32f10x_flash.o(.text)
    FLASH_Lock                               0x0800646b   Thumb Code    14  stm32f10x_flash.o(.text)
    FLASH_LockBank1                          0x08006479   Thumb Code    14  stm32f10x_flash.o(.text)
    FLASH_GetBank1Status                     0x08006487   Thumb Code    48  stm32f10x_flash.o(.text)
    FLASH_WaitForLastOperation               0x080064b7   Thumb Code    38  stm32f10x_flash.o(.text)
    FLASH_ErasePage                          0x080064dd   Thumb Code    72  stm32f10x_flash.o(.text)
    FLASH_EraseAllPages                      0x08006525   Thumb Code    68  stm32f10x_flash.o(.text)
    FLASH_WaitForLastBank1Operation          0x08006569   Thumb Code    38  stm32f10x_flash.o(.text)
    FLASH_EraseAllBank1Pages                 0x0800658f   Thumb Code    68  stm32f10x_flash.o(.text)
    FLASH_GetReadOutProtectionStatus         0x080065d3   Thumb Code    20  stm32f10x_flash.o(.text)
    FLASH_EraseOptionBytes                   0x080065e7   Thumb Code   150  stm32f10x_flash.o(.text)
    FLASH_ProgramWord                        0x0800667d   Thumb Code   102  stm32f10x_flash.o(.text)
    FLASH_ProgramHalfWord                    0x080066e3   Thumb Code    60  stm32f10x_flash.o(.text)
    FLASH_ProgramOptionByteData              0x0800671f   Thumb Code    72  stm32f10x_flash.o(.text)
    FLASH_EnableWriteProtection              0x08006767   Thumb Code   200  stm32f10x_flash.o(.text)
    FLASH_ReadOutProtection                  0x0800682f   Thumb Code   156  stm32f10x_flash.o(.text)
    FLASH_UserOptionByteConfig               0x080068cb   Thumb Code    88  stm32f10x_flash.o(.text)
    FLASH_GetUserOptionByte                  0x08006923   Thumb Code     8  stm32f10x_flash.o(.text)
    FLASH_GetWriteProtectionOptionByte       0x0800692b   Thumb Code     6  stm32f10x_flash.o(.text)
    FLASH_GetPrefetchBufferStatus            0x08006931   Thumb Code    20  stm32f10x_flash.o(.text)
    FLASH_ITConfig                           0x08006945   Thumb Code    26  stm32f10x_flash.o(.text)
    FLASH_GetFlagStatus                      0x0800695f   Thumb Code    42  stm32f10x_flash.o(.text)
    FLASH_ClearFlag                          0x08006989   Thumb Code     6  stm32f10x_flash.o(.text)
    FLASH_GetStatus                          0x0800698f   Thumb Code    48  stm32f10x_flash.o(.text)
    GPIO_DeInit                              0x080069d1   Thumb Code   172  stm32f10x_gpio.o(.text)
    GPIO_AFIODeInit                          0x08006a7d   Thumb Code    20  stm32f10x_gpio.o(.text)
    GPIO_Init                                0x08006a91   Thumb Code   278  stm32f10x_gpio.o(.text)
    GPIO_StructInit                          0x08006ba7   Thumb Code    16  stm32f10x_gpio.o(.text)
    GPIO_ReadInputDataBit                    0x08006bb7   Thumb Code    18  stm32f10x_gpio.o(.text)
    GPIO_ReadInputData                       0x08006bc9   Thumb Code     8  stm32f10x_gpio.o(.text)
    GPIO_ReadOutputDataBit                   0x08006bd1   Thumb Code    18  stm32f10x_gpio.o(.text)
    GPIO_ReadOutputData                      0x08006be3   Thumb Code     8  stm32f10x_gpio.o(.text)
    GPIO_SetBits                             0x08006beb   Thumb Code     4  stm32f10x_gpio.o(.text)
    GPIO_ResetBits                           0x08006bef   Thumb Code     4  stm32f10x_gpio.o(.text)
    GPIO_WriteBit                            0x08006bf3   Thumb Code    10  stm32f10x_gpio.o(.text)
    GPIO_Write                               0x08006bfd   Thumb Code     4  stm32f10x_gpio.o(.text)
    GPIO_PinLockConfig                       0x08006c01   Thumb Code    18  stm32f10x_gpio.o(.text)
    GPIO_EventOutputConfig                   0x08006c13   Thumb Code    26  stm32f10x_gpio.o(.text)
    GPIO_EventOutputCmd                      0x08006c2d   Thumb Code     6  stm32f10x_gpio.o(.text)
    GPIO_PinRemapConfig                      0x08006c33   Thumb Code   138  stm32f10x_gpio.o(.text)
    GPIO_EXTILineConfig                      0x08006cbd   Thumb Code    66  stm32f10x_gpio.o(.text)
    GPIO_ETH_MediaInterfaceConfig            0x08006cff   Thumb Code     8  stm32f10x_gpio.o(.text)
    I2C_DeInit                               0x08006d2d   Thumb Code    50  stm32f10x_i2c.o(.text)
    I2C_Init                                 0x08006d5f   Thumb Code   222  stm32f10x_i2c.o(.text)
    I2C_StructInit                           0x08006e3d   Thumb Code    30  stm32f10x_i2c.o(.text)
    I2C_Cmd                                  0x08006e5b   Thumb Code    24  stm32f10x_i2c.o(.text)
    I2C_DMACmd                               0x08006e73   Thumb Code    24  stm32f10x_i2c.o(.text)
    I2C_DMALastTransferCmd                   0x08006e8b   Thumb Code    24  stm32f10x_i2c.o(.text)
    I2C_GenerateSTART                        0x08006ea3   Thumb Code    24  stm32f10x_i2c.o(.text)
    I2C_GenerateSTOP                         0x08006ebb   Thumb Code    24  stm32f10x_i2c.o(.text)
    I2C_AcknowledgeConfig                    0x08006ed3   Thumb Code    24  stm32f10x_i2c.o(.text)
    I2C_OwnAddress2Config                    0x08006eeb   Thumb Code    22  stm32f10x_i2c.o(.text)
    I2C_DualAddressCmd                       0x08006f01   Thumb Code    24  stm32f10x_i2c.o(.text)
    I2C_GeneralCallCmd                       0x08006f19   Thumb Code    24  stm32f10x_i2c.o(.text)
    I2C_ITConfig                             0x08006f31   Thumb Code    18  stm32f10x_i2c.o(.text)
    I2C_SendData                             0x08006f43   Thumb Code     4  stm32f10x_i2c.o(.text)
    I2C_ReceiveData                          0x08006f47   Thumb Code     8  stm32f10x_i2c.o(.text)
    I2C_Send7bitAddress                      0x08006f4f   Thumb Code    18  stm32f10x_i2c.o(.text)
    I2C_ReadRegister                         0x08006f61   Thumb Code    22  stm32f10x_i2c.o(.text)
    I2C_SoftwareResetCmd                     0x08006f77   Thumb Code    22  stm32f10x_i2c.o(.text)
    I2C_NACKPositionConfig                   0x08006f8d   Thumb Code    28  stm32f10x_i2c.o(.text)
    I2C_SMBusAlertConfig                     0x08006fa9   Thumb Code    28  stm32f10x_i2c.o(.text)
    I2C_TransmitPEC                          0x08006fc5   Thumb Code    24  stm32f10x_i2c.o(.text)
    I2C_PECPositionConfig                    0x08006fdd   Thumb Code    28  stm32f10x_i2c.o(.text)
    I2C_CalculatePEC                         0x08006ff9   Thumb Code    24  stm32f10x_i2c.o(.text)
    I2C_GetPEC                               0x08007011   Thumb Code     8  stm32f10x_i2c.o(.text)
    I2C_ARPCmd                               0x08007019   Thumb Code    24  stm32f10x_i2c.o(.text)
    I2C_StretchClockCmd                      0x08007031   Thumb Code    24  stm32f10x_i2c.o(.text)
    I2C_FastModeDutyCycleConfig              0x08007049   Thumb Code    28  stm32f10x_i2c.o(.text)
    I2C_CheckEvent                           0x08007065   Thumb Code    42  stm32f10x_i2c.o(.text)
    I2C_GetLastEvent                         0x0800708f   Thumb Code    26  stm32f10x_i2c.o(.text)
    I2C_GetFlagStatus                        0x080070a9   Thumb Code    58  stm32f10x_i2c.o(.text)
    I2C_ClearFlag                            0x080070e3   Thumb Code    12  stm32f10x_i2c.o(.text)
    I2C_GetITStatus                          0x080070ef   Thumb Code    54  stm32f10x_i2c.o(.text)
    I2C_ClearITPendingBit                    0x08007125   Thumb Code    12  stm32f10x_i2c.o(.text)
    RCC_DeInit                               0x08007131   Thumb Code    64  stm32f10x_rcc.o(.text)
    RCC_HSEConfig                            0x08007171   Thumb Code    70  stm32f10x_rcc.o(.text)
    RCC_GetFlagStatus                        0x080071b7   Thumb Code    56  stm32f10x_rcc.o(.text)
    RCC_WaitForHSEStartUp                    0x080071ef   Thumb Code    56  stm32f10x_rcc.o(.text)
    RCC_AdjustHSICalibrationValue            0x08007227   Thumb Code    20  stm32f10x_rcc.o(.text)
    RCC_HSICmd                               0x0800723b   Thumb Code     6  stm32f10x_rcc.o(.text)
    RCC_PLLConfig                            0x08007241   Thumb Code    24  stm32f10x_rcc.o(.text)
    RCC_PLLCmd                               0x08007259   Thumb Code     6  stm32f10x_rcc.o(.text)
    RCC_SYSCLKConfig                         0x0800725f   Thumb Code    18  stm32f10x_rcc.o(.text)
    RCC_GetSYSCLKSource                      0x08007271   Thumb Code    10  stm32f10x_rcc.o(.text)
    RCC_HCLKConfig                           0x0800727b   Thumb Code    18  stm32f10x_rcc.o(.text)
    RCC_PCLK1Config                          0x0800728d   Thumb Code    18  stm32f10x_rcc.o(.text)
    RCC_PCLK2Config                          0x0800729f   Thumb Code    20  stm32f10x_rcc.o(.text)
    RCC_ITConfig                             0x080072b3   Thumb Code    26  stm32f10x_rcc.o(.text)
    RCC_USBCLKConfig                         0x080072cd   Thumb Code     8  stm32f10x_rcc.o(.text)
    RCC_ADCCLKConfig                         0x080072d5   Thumb Code    18  stm32f10x_rcc.o(.text)
    RCC_LSEConfig                            0x080072e7   Thumb Code    50  stm32f10x_rcc.o(.text)
    RCC_LSICmd                               0x08007319   Thumb Code     6  stm32f10x_rcc.o(.text)
    RCC_RTCCLKConfig                         0x0800731f   Thumb Code    12  stm32f10x_rcc.o(.text)
    RCC_RTCCLKCmd                            0x0800732b   Thumb Code     8  stm32f10x_rcc.o(.text)
    RCC_GetClocksFreq                        0x08007333   Thumb Code   192  stm32f10x_rcc.o(.text)
    RCC_AHBPeriphClockCmd                    0x080073f3   Thumb Code    26  stm32f10x_rcc.o(.text)
    RCC_APB2PeriphClockCmd                   0x0800740d   Thumb Code    26  stm32f10x_rcc.o(.text)
    RCC_APB1PeriphClockCmd                   0x08007427   Thumb Code    26  stm32f10x_rcc.o(.text)
    RCC_APB2PeriphResetCmd                   0x08007441   Thumb Code    26  stm32f10x_rcc.o(.text)
    RCC_APB1PeriphResetCmd                   0x0800745b   Thumb Code    26  stm32f10x_rcc.o(.text)
    RCC_BackupResetCmd                       0x08007475   Thumb Code     8  stm32f10x_rcc.o(.text)
    RCC_ClockSecuritySystemCmd               0x0800747d   Thumb Code     6  stm32f10x_rcc.o(.text)
    RCC_MCOConfig                            0x08007483   Thumb Code     6  stm32f10x_rcc.o(.text)
    RCC_ClearFlag                            0x08007489   Thumb Code    14  stm32f10x_rcc.o(.text)
    RCC_GetITStatus                          0x08007497   Thumb Code    20  stm32f10x_rcc.o(.text)
    RCC_ClearITPendingBit                    0x080074ab   Thumb Code     6  stm32f10x_rcc.o(.text)
    TIM_DeInit                               0x080074d5   Thumb Code   424  stm32f10x_tim.o(.text)
    TIM_TimeBaseInit                         0x0800767d   Thumb Code   122  stm32f10x_tim.o(.text)
    TIM_OC1Init                              0x080076f7   Thumb Code   132  stm32f10x_tim.o(.text)
    TIM_OC2Init                              0x0800777b   Thumb Code   154  stm32f10x_tim.o(.text)
    TIM_OC3Init                              0x08007815   Thumb Code   150  stm32f10x_tim.o(.text)
    TIM_OC4Init                              0x080078ab   Thumb Code   182  stm32f10x_tim.o(.text)
    TIM_SetIC4Prescaler                      0x08007961   Thumb Code    26  stm32f10x_tim.o(.text)
    TIM_SetIC3Prescaler                      0x080079fd   Thumb Code    18  stm32f10x_tim.o(.text)
    TIM_SetIC2Prescaler                      0x08007a89   Thumb Code    26  stm32f10x_tim.o(.text)
    TIM_SetIC1Prescaler                      0x08007b25   Thumb Code    18  stm32f10x_tim.o(.text)
    TIM_ICInit                               0x08007ba3   Thumb Code   150  stm32f10x_tim.o(.text)
    TIM_PWMIConfig                           0x08007c39   Thumb Code   124  stm32f10x_tim.o(.text)
    TIM_BDTRConfig                           0x08007cb5   Thumb Code    32  stm32f10x_tim.o(.text)
    TIM_TimeBaseStructInit                   0x08007cd5   Thumb Code    18  stm32f10x_tim.o(.text)
    TIM_OCStructInit                         0x08007ce7   Thumb Code    20  stm32f10x_tim.o(.text)
    TIM_ICStructInit                         0x08007cfb   Thumb Code    18  stm32f10x_tim.o(.text)
    TIM_BDTRStructInit                       0x08007d0d   Thumb Code    40  stm32f10x_tim.o(.text)
    TIM_Cmd                                  0x08007d35   Thumb Code    24  stm32f10x_tim.o(.text)
    TIM_CtrlPWMOutputs                       0x08007d4d   Thumb Code    30  stm32f10x_tim.o(.text)
    TIM_ITConfig                             0x08007d6b   Thumb Code    18  stm32f10x_tim.o(.text)
    TIM_GenerateEvent                        0x08007d7d   Thumb Code     4  stm32f10x_tim.o(.text)
    TIM_DMAConfig                            0x08007d81   Thumb Code    10  stm32f10x_tim.o(.text)
    TIM_DMACmd                               0x08007d8b   Thumb Code    18  stm32f10x_tim.o(.text)
    TIM_InternalClockConfig                  0x08007d9d   Thumb Code    12  stm32f10x_tim.o(.text)
    TIM_SelectInputTrigger                   0x08007da9   Thumb Code    18  stm32f10x_tim.o(.text)
    TIM_ITRxExternalClockConfig              0x08007dbb   Thumb Code    24  stm32f10x_tim.o(.text)
    TIM_TIxExternalClockConfig               0x08007dd3   Thumb Code    62  stm32f10x_tim.o(.text)
    TIM_ETRConfig                            0x08007e11   Thumb Code    28  stm32f10x_tim.o(.text)
    TIM_ETRClockMode1Config                  0x08007e2d   Thumb Code    54  stm32f10x_tim.o(.text)
    TIM_ETRClockMode2Config                  0x08007e63   Thumb Code    32  stm32f10x_tim.o(.text)
    TIM_PrescalerConfig                      0x08007e83   Thumb Code     6  stm32f10x_tim.o(.text)
    TIM_CounterModeConfig                    0x08007e89   Thumb Code    18  stm32f10x_tim.o(.text)
    TIM_EncoderInterfaceConfig               0x08007e9b   Thumb Code    66  stm32f10x_tim.o(.text)
    TIM_ForcedOC1Config                      0x08007edd   Thumb Code    18  stm32f10x_tim.o(.text)
    TIM_ForcedOC2Config                      0x08007eef   Thumb Code    26  stm32f10x_tim.o(.text)
    TIM_ForcedOC3Config                      0x08007f09   Thumb Code    18  stm32f10x_tim.o(.text)
    TIM_ForcedOC4Config                      0x08007f1b   Thumb Code    26  stm32f10x_tim.o(.text)
    TIM_ARRPreloadConfig                     0x08007f35   Thumb Code    24  stm32f10x_tim.o(.text)
    TIM_SelectCOM                            0x08007f4d   Thumb Code    24  stm32f10x_tim.o(.text)
    TIM_SelectCCDMA                          0x08007f65   Thumb Code    24  stm32f10x_tim.o(.text)
    TIM_CCPreloadControl                     0x08007f7d   Thumb Code    24  stm32f10x_tim.o(.text)
    TIM_OC1PreloadConfig                     0x08007f95   Thumb Code    18  stm32f10x_tim.o(.text)
    TIM_OC2PreloadConfig                     0x08007fa7   Thumb Code    26  stm32f10x_tim.o(.text)
    TIM_OC3PreloadConfig                     0x08007fc1   Thumb Code    18  stm32f10x_tim.o(.text)
    TIM_OC4PreloadConfig                     0x08007fd3   Thumb Code    26  stm32f10x_tim.o(.text)
    TIM_OC1FastConfig                        0x08007fed   Thumb Code    18  stm32f10x_tim.o(.text)
    TIM_OC2FastConfig                        0x08007fff   Thumb Code    26  stm32f10x_tim.o(.text)
    TIM_OC3FastConfig                        0x08008019   Thumb Code    18  stm32f10x_tim.o(.text)
    TIM_OC4FastConfig                        0x0800802b   Thumb Code    26  stm32f10x_tim.o(.text)
    TIM_ClearOC1Ref                          0x08008045   Thumb Code    18  stm32f10x_tim.o(.text)
    TIM_ClearOC2Ref                          0x08008057   Thumb Code    24  stm32f10x_tim.o(.text)
    TIM_ClearOC3Ref                          0x0800806f   Thumb Code    18  stm32f10x_tim.o(.text)
    TIM_ClearOC4Ref                          0x08008081   Thumb Code    24  stm32f10x_tim.o(.text)
    TIM_OC1PolarityConfig                    0x08008099   Thumb Code    18  stm32f10x_tim.o(.text)
    TIM_OC1NPolarityConfig                   0x080080ab   Thumb Code    18  stm32f10x_tim.o(.text)
    TIM_OC2PolarityConfig                    0x080080bd   Thumb Code    26  stm32f10x_tim.o(.text)
    TIM_OC2NPolarityConfig                   0x080080d7   Thumb Code    26  stm32f10x_tim.o(.text)
    TIM_OC3PolarityConfig                    0x080080f1   Thumb Code    26  stm32f10x_tim.o(.text)
    TIM_OC3NPolarityConfig                   0x0800810b   Thumb Code    26  stm32f10x_tim.o(.text)
    TIM_OC4PolarityConfig                    0x08008125   Thumb Code    26  stm32f10x_tim.o(.text)
    TIM_CCxCmd                               0x0800813f   Thumb Code    30  stm32f10x_tim.o(.text)
    TIM_CCxNCmd                              0x0800815d   Thumb Code    30  stm32f10x_tim.o(.text)
    TIM_SelectOCxM                           0x0800817b   Thumb Code    82  stm32f10x_tim.o(.text)
    TIM_UpdateDisableConfig                  0x080081cd   Thumb Code    24  stm32f10x_tim.o(.text)
    TIM_UpdateRequestConfig                  0x080081e5   Thumb Code    24  stm32f10x_tim.o(.text)
    TIM_SelectHallSensor                     0x080081fd   Thumb Code    24  stm32f10x_tim.o(.text)
    TIM_SelectOnePulseMode                   0x08008215   Thumb Code    18  stm32f10x_tim.o(.text)
    TIM_SelectOutputTrigger                  0x08008227   Thumb Code    18  stm32f10x_tim.o(.text)
    TIM_SelectSlaveMode                      0x08008239   Thumb Code    18  stm32f10x_tim.o(.text)
    TIM_SelectMasterSlaveMode                0x0800824b   Thumb Code    18  stm32f10x_tim.o(.text)
    TIM_SetCounter                           0x0800825d   Thumb Code     4  stm32f10x_tim.o(.text)
    TIM_SetAutoreload                        0x08008261   Thumb Code     4  stm32f10x_tim.o(.text)
    TIM_SetCompare1                          0x08008265   Thumb Code     4  stm32f10x_tim.o(.text)
    TIM_SetCompare2                          0x08008269   Thumb Code     4  stm32f10x_tim.o(.text)
    TIM_SetCompare3                          0x0800826d   Thumb Code     4  stm32f10x_tim.o(.text)
    TIM_SetCompare4                          0x08008271   Thumb Code     6  stm32f10x_tim.o(.text)
    TIM_SetClockDivision                     0x08008277   Thumb Code    18  stm32f10x_tim.o(.text)
    TIM_GetCapture1                          0x08008289   Thumb Code     6  stm32f10x_tim.o(.text)
    TIM_GetCapture2                          0x0800828f   Thumb Code     6  stm32f10x_tim.o(.text)
    TIM_GetCapture3                          0x08008295   Thumb Code     6  stm32f10x_tim.o(.text)
    TIM_GetCapture4                          0x0800829b   Thumb Code     8  stm32f10x_tim.o(.text)
    TIM_GetCounter                           0x080082a3   Thumb Code     6  stm32f10x_tim.o(.text)
    TIM_GetPrescaler                         0x080082a9   Thumb Code     6  stm32f10x_tim.o(.text)
    TIM_GetFlagStatus                        0x080082af   Thumb Code    18  stm32f10x_tim.o(.text)
    TIM_ClearFlag                            0x080082c1   Thumb Code     6  stm32f10x_tim.o(.text)
    TIM_GetITStatus                          0x080082c7   Thumb Code    34  stm32f10x_tim.o(.text)
    TIM_ClearITPendingBit                    0x080082e9   Thumb Code     6  stm32f10x_tim.o(.text)
    Reset_Handler                            0x080082f1   Thumb Code     8  startup_stm32f10x_md.o(.text)
    NMI_Handler                              0x080082f9   Thumb Code     2  startup_stm32f10x_md.o(.text)
    HardFault_Handler                        0x080082fb   Thumb Code     2  startup_stm32f10x_md.o(.text)
    MemManage_Handler                        0x080082fd   Thumb Code     2  startup_stm32f10x_md.o(.text)
    BusFault_Handler                         0x080082ff   Thumb Code     2  startup_stm32f10x_md.o(.text)
    UsageFault_Handler                       0x08008301   Thumb Code     2  startup_stm32f10x_md.o(.text)
    SVC_Handler                              0x08008303   Thumb Code     2  startup_stm32f10x_md.o(.text)
    DebugMon_Handler                         0x08008305   Thumb Code     2  startup_stm32f10x_md.o(.text)
    PendSV_Handler                           0x08008307   Thumb Code     2  startup_stm32f10x_md.o(.text)
    ADC1_2_IRQHandler                        0x0800830b   Thumb Code     0  startup_stm32f10x_md.o(.text)
    CAN1_RX1_IRQHandler                      0x0800830b   Thumb Code     0  startup_stm32f10x_md.o(.text)
    CAN1_SCE_IRQHandler                      0x0800830b   Thumb Code     0  startup_stm32f10x_md.o(.text)
    DMA1_Channel1_IRQHandler                 0x0800830b   Thumb Code     0  startup_stm32f10x_md.o(.text)
    DMA1_Channel2_IRQHandler                 0x0800830b   Thumb Code     0  startup_stm32f10x_md.o(.text)
    DMA1_Channel3_IRQHandler                 0x0800830b   Thumb Code     0  startup_stm32f10x_md.o(.text)
    DMA1_Channel4_IRQHandler                 0x0800830b   Thumb Code     0  startup_stm32f10x_md.o(.text)
    DMA1_Channel5_IRQHandler                 0x0800830b   Thumb Code     0  startup_stm32f10x_md.o(.text)
    DMA1_Channel6_IRQHandler                 0x0800830b   Thumb Code     0  startup_stm32f10x_md.o(.text)
    DMA1_Channel7_IRQHandler                 0x0800830b   Thumb Code     0  startup_stm32f10x_md.o(.text)
    EXTI15_10_IRQHandler                     0x0800830b   Thumb Code     0  startup_stm32f10x_md.o(.text)
    EXTI2_IRQHandler                         0x0800830b   Thumb Code     0  startup_stm32f10x_md.o(.text)
    EXTI3_IRQHandler                         0x0800830b   Thumb Code     0  startup_stm32f10x_md.o(.text)
    EXTI4_IRQHandler                         0x0800830b   Thumb Code     0  startup_stm32f10x_md.o(.text)
    FLASH_IRQHandler                         0x0800830b   Thumb Code     0  startup_stm32f10x_md.o(.text)
    I2C1_ER_IRQHandler                       0x0800830b   Thumb Code     0  startup_stm32f10x_md.o(.text)
    I2C1_EV_IRQHandler                       0x0800830b   Thumb Code     0  startup_stm32f10x_md.o(.text)
    I2C2_ER_IRQHandler                       0x0800830b   Thumb Code     0  startup_stm32f10x_md.o(.text)
    PVD_IRQHandler                           0x0800830b   Thumb Code     0  startup_stm32f10x_md.o(.text)
    RCC_IRQHandler                           0x0800830b   Thumb Code     0  startup_stm32f10x_md.o(.text)
    RTCAlarm_IRQHandler                      0x0800830b   Thumb Code     0  startup_stm32f10x_md.o(.text)
    RTC_IRQHandler                           0x0800830b   Thumb Code     0  startup_stm32f10x_md.o(.text)
    SPI1_IRQHandler                          0x0800830b   Thumb Code     0  startup_stm32f10x_md.o(.text)
    SPI2_IRQHandler                          0x0800830b   Thumb Code     0  startup_stm32f10x_md.o(.text)
    TAMPER_IRQHandler                        0x0800830b   Thumb Code     0  startup_stm32f10x_md.o(.text)
    TIM1_BRK_IRQHandler                      0x0800830b   Thumb Code     0  startup_stm32f10x_md.o(.text)
    TIM1_CC_IRQHandler                       0x0800830b   Thumb Code     0  startup_stm32f10x_md.o(.text)
    TIM1_TRG_COM_IRQHandler                  0x0800830b   Thumb Code     0  startup_stm32f10x_md.o(.text)
    TIM1_UP_IRQHandler                       0x0800830b   Thumb Code     0  startup_stm32f10x_md.o(.text)
    TIM2_IRQHandler                          0x0800830b   Thumb Code     0  startup_stm32f10x_md.o(.text)
    TIM3_IRQHandler                          0x0800830b   Thumb Code     0  startup_stm32f10x_md.o(.text)
    TIM4_IRQHandler                          0x0800830b   Thumb Code     0  startup_stm32f10x_md.o(.text)
    USART1_IRQHandler                        0x0800830b   Thumb Code     0  startup_stm32f10x_md.o(.text)
    USART2_IRQHandler                        0x0800830b   Thumb Code     0  startup_stm32f10x_md.o(.text)
    USART3_IRQHandler                        0x0800830b   Thumb Code     0  startup_stm32f10x_md.o(.text)
    USBWakeUp_IRQHandler                     0x0800830b   Thumb Code     0  startup_stm32f10x_md.o(.text)
    USB_HP_CAN1_TX_IRQHandler                0x0800830b   Thumb Code     0  startup_stm32f10x_md.o(.text)
    USB_LP_CAN1_RX0_IRQHandler               0x0800830b   Thumb Code     0  startup_stm32f10x_md.o(.text)
    WWDG_IRQHandler                          0x0800830b   Thumb Code     0  startup_stm32f10x_md.o(.text)
    __user_initial_stackheap                 0x0800830d   Thumb Code     0  startup_stm32f10x_md.o(.text)
    SystemInit                               0x0800840f   Thumb Code    78  system_stm32f10x.o(.text)
    SystemCoreClockUpdate                    0x0800845d   Thumb Code   142  system_stm32f10x.o(.text)
    NVIC_PriorityGroupConfig                 0x08008511   Thumb Code    10  misc.o(.text)
    NVIC_Init                                0x0800851b   Thumb Code   100  misc.o(.text)
    NVIC_SetVectorTable                      0x0800857f   Thumb Code    14  misc.o(.text)
    NVIC_SystemLPConfig                      0x0800858d   Thumb Code    34  misc.o(.text)
    SysTick_CLKSourceConfig                  0x080085af   Thumb Code    40  misc.o(.text)
    __aeabi_memcpy                           0x080085ed   Thumb Code     0  rt_memcpy_v6.o(.text)
    __rt_memcpy                              0x080085ed   Thumb Code   138  rt_memcpy_v6.o(.text)
    _memcpy_lastbytes                        0x08008653   Thumb Code     0  rt_memcpy_v6.o(.text)
    __use_two_region_memory                  0x08008677   Thumb Code     2  heapauxi.o(.text)
    __rt_heap_escrow$2region                 0x08008679   Thumb Code     2  heapauxi.o(.text)
    __rt_heap_expand$2region                 0x0800867b   Thumb Code     2  heapauxi.o(.text)
    __aeabi_memcpy4                          0x0800867d   Thumb Code     0  rt_memcpy_w.o(.text)
    __aeabi_memcpy8                          0x0800867d   Thumb Code     0  rt_memcpy_w.o(.text)
    __rt_memcpy_w                            0x0800867d   Thumb Code   100  rt_memcpy_w.o(.text)
    _memcpy_lastbytes_aligned                0x080086c5   Thumb Code     0  rt_memcpy_w.o(.text)
    __user_setup_stackheap                   0x080086e1   Thumb Code    74  sys_stackheap_outer.o(.text)
    exit                                     0x0800872b   Thumb Code    12  exit.o(.text)
    __user_libspace                          0x08008739   Thumb Code     8  libspace.o(.text)
    __user_perproc_libspace                  0x08008739   Thumb Code     0  libspace.o(.text)
    __user_perthread_libspace                0x08008739   Thumb Code     0  libspace.o(.text)
    _sys_exit                                0x08008741   Thumb Code     8  sys_exit.o(.text)
    __I$use$semihosting                      0x0800874d   Thumb Code     0  use_no_semi.o(.text)
    __use_no_semihosting_swi                 0x0800874d   Thumb Code     2  use_no_semi.o(.text)
    __semihosting_library_function           0x0800874f   Thumb Code     0  indicate_semi.o(.text)
    Region$$Table$$Base                      0x08008750   Number         0  anon$$obj.o(Region$$Table)
    Region$$Table$$Limit                     0x08008770   Number         0  anon$$obj.o(Region$$Table)
    DeConfigValue                            0x20000000   Data          16  main.o(.data)
    IsDataNew                                0x20000010   Data           1  main.o(.data)
    localtime                                0x20000018   Data           8  main.o(.data)
    Tim2_fre                                 0x20000020   Data           4  led.o(.data)
    SystemCoreClock                          0x2000005c   Data           4  system_stm32f10x.o(.data)
    AHBPrescTable                            0x20000060   Data          16  system_stm32f10x.o(.data)
    Config                                   0x20000070   Data          16  main.o(.bss)
    PramReg                                  0x20000080   Data          19  main.o(.bss)
    I2C_Communication                        0x20000093   Data          33  communication.o(.bss)
    __libspace_start                         0x200000b4   Data          96  libspace.o(.bss)
    __temporary_stack_top$libspace           0x20000114   Data           0  libspace.o(.bss)



==============================================================================

Memory Map of the image

  Image Entry point : 0x080050ed

  Load Region LR_IROM1 (Base: 0x08005000, Size: 0x000037e0, Max: 0x0000a000, ABSOLUTE)

    Execution Region ER_IROM1 (Base: 0x08005000, Size: 0x00003770, Max: 0x0000a000, ABSOLUTE)

    Base Addr    Size         Type   Attr      Idx    E Section Name        Object

    0x08005000   0x000000ec   Data   RO          327    RESET               startup_stm32f10x_md.o
    0x080050ec   0x00000008   Code   RO          384  * !!!main             c_w.l(__main.o)
    0x080050f4   0x00000034   Code   RO          540    !!!scatter          c_w.l(__scatter.o)
    0x08005128   0x0000001a   Code   RO          542    !!handler_copy      c_w.l(__scatter_copy.o)
    0x08005142   0x00000002   PAD
    0x08005144   0x0000001c   Code   RO          544    !!handler_zi        c_w.l(__scatter_zi.o)
    0x08005160   0x00000002   Code   RO          413    .ARM.Collect$$libinit$$00000000  c_w.l(libinit.o)
    0x08005162   0x00000000   Code   RO          420    .ARM.Collect$$libinit$$00000002  c_w.l(libinit2.o)
    0x08005162   0x00000000   Code   RO          423    .ARM.Collect$$libinit$$00000008  c_w.l(libinit2.o)
    0x08005162   0x00000000   Code   RO          425    .ARM.Collect$$libinit$$0000000A  c_w.l(libinit2.o)
    0x08005162   0x00000000   Code   RO          427    .ARM.Collect$$libinit$$0000000C  c_w.l(libinit2.o)
    0x08005162   0x00000000   Code   RO          430    .ARM.Collect$$libinit$$0000000F  c_w.l(libinit2.o)
    0x08005162   0x00000000   Code   RO          432    .ARM.Collect$$libinit$$00000011  c_w.l(libinit2.o)
    0x08005162   0x00000000   Code   RO          434    .ARM.Collect$$libinit$$00000013  c_w.l(libinit2.o)
    0x08005162   0x00000000   Code   RO          436    .ARM.Collect$$libinit$$00000015  c_w.l(libinit2.o)
    0x08005162   0x00000000   Code   RO          438    .ARM.Collect$$libinit$$00000017  c_w.l(libinit2.o)
    0x08005162   0x00000000   Code   RO          440    .ARM.Collect$$libinit$$00000019  c_w.l(libinit2.o)
    0x08005162   0x00000000   Code   RO          442    .ARM.Collect$$libinit$$0000001B  c_w.l(libinit2.o)
    0x08005162   0x00000000   Code   RO          444    .ARM.Collect$$libinit$$0000001D  c_w.l(libinit2.o)
    0x08005162   0x00000000   Code   RO          446    .ARM.Collect$$libinit$$0000001F  c_w.l(libinit2.o)
    0x08005162   0x00000000   Code   RO          448    .ARM.Collect$$libinit$$00000021  c_w.l(libinit2.o)
    0x08005162   0x00000000   Code   RO          450    .ARM.Collect$$libinit$$00000023  c_w.l(libinit2.o)
    0x08005162   0x00000000   Code   RO          454    .ARM.Collect$$libinit$$0000002A  c_w.l(libinit2.o)
    0x08005162   0x00000000   Code   RO          456    .ARM.Collect$$libinit$$0000002C  c_w.l(libinit2.o)
    0x08005162   0x00000000   Code   RO          458    .ARM.Collect$$libinit$$0000002E  c_w.l(libinit2.o)
    0x08005162   0x00000000   Code   RO          460    .ARM.Collect$$libinit$$00000030  c_w.l(libinit2.o)
    0x08005162   0x00000002   Code   RO          461    .ARM.Collect$$libinit$$00000031  c_w.l(libinit2.o)
    0x08005164   0x00000002   Code   RO          481    .ARM.Collect$$libshutdown$$00000000  c_w.l(libshutdown.o)
    0x08005166   0x00000000   Code   RO          495    .ARM.Collect$$libshutdown$$00000003  c_w.l(libshutdown2.o)
    0x08005166   0x00000000   Code   RO          498    .ARM.Collect$$libshutdown$$00000006  c_w.l(libshutdown2.o)
    0x08005166   0x00000000   Code   RO          501    .ARM.Collect$$libshutdown$$00000009  c_w.l(libshutdown2.o)
    0x08005166   0x00000000   Code   RO          503    .ARM.Collect$$libshutdown$$0000000B  c_w.l(libshutdown2.o)
    0x08005166   0x00000000   Code   RO          506    .ARM.Collect$$libshutdown$$0000000E  c_w.l(libshutdown2.o)
    0x08005166   0x00000002   Code   RO          507    .ARM.Collect$$libshutdown$$0000000F  c_w.l(libshutdown2.o)
    0x08005168   0x00000000   Code   RO          386    .ARM.Collect$$rtentry$$00000000  c_w.l(rtentry.o)
    0x08005168   0x00000000   Code   RO          390    .ARM.Collect$$rtentry$$00000002  c_w.l(rtentry2.o)
    0x08005168   0x00000006   Code   RO          402    .ARM.Collect$$rtentry$$00000004  c_w.l(rtentry4.o)
    0x0800516e   0x00000000   Code   RO          392    .ARM.Collect$$rtentry$$00000009  c_w.l(rtentry2.o)
    0x0800516e   0x00000004   Code   RO          393    .ARM.Collect$$rtentry$$0000000A  c_w.l(rtentry2.o)
    0x08005172   0x00000000   Code   RO          395    .ARM.Collect$$rtentry$$0000000C  c_w.l(rtentry2.o)
    0x08005172   0x00000008   Code   RO          396    .ARM.Collect$$rtentry$$0000000D  c_w.l(rtentry2.o)
    0x0800517a   0x00000002   Code   RO          417    .ARM.Collect$$rtexit$$00000000  c_w.l(rtexit.o)
    0x0800517c   0x00000000   Code   RO          463    .ARM.Collect$$rtexit$$00000002  c_w.l(rtexit2.o)
    0x0800517c   0x00000004   Code   RO          464    .ARM.Collect$$rtexit$$00000003  c_w.l(rtexit2.o)
    0x08005180   0x00000006   Code   RO          465    .ARM.Collect$$rtexit$$00000004  c_w.l(rtexit2.o)
    0x08005186   0x00000002   PAD
    0x08005188   0x00000370   Code   RO            3    .text               main.o
    0x080054f8   0x0000020c   Code   RO           98    .text               init.o
    0x08005704   0x00000674   Code   RO          129    .text               led.o
    0x08005d78   0x00000224   Code   RO          156    .text               communication.o
    0x08005f9c   0x0000035c   Code   RO          184    .text               movement.o
    0x080062f8   0x0000011c   Code   RO          205    .text               stm32f10x_exti.o
    0x08006414   0x000005bc   Code   RO          225    .text               stm32f10x_flash.o
    0x080069d0   0x0000035c   Code   RO          245    .text               stm32f10x_gpio.o
    0x08006d2c   0x00000404   Code   RO          265    .text               stm32f10x_i2c.o
    0x08007130   0x000003a4   Code   RO          285    .text               stm32f10x_rcc.o
    0x080074d4   0x00000e1a   Code   RO          307    .text               stm32f10x_tim.o
    0x080082ee   0x00000002   PAD
    0x080082f0   0x00000040   Code   RO          328    .text               startup_stm32f10x_md.o
    0x08008330   0x000001e0   Code   RO          334    .text               system_stm32f10x.o
    0x08008510   0x000000dc   Code   RO          360    .text               misc.o
    0x080085ec   0x0000008a   Code   RO          380    .text               c_w.l(rt_memcpy_v6.o)
    0x08008676   0x00000006   Code   RO          382    .text               c_w.l(heapauxi.o)
    0x0800867c   0x00000064   Code   RO          387    .text               c_w.l(rt_memcpy_w.o)
    0x080086e0   0x0000004a   Code   RO          404    .text               c_w.l(sys_stackheap_outer.o)
    0x0800872a   0x0000000c   Code   RO          406    .text               c_w.l(exit.o)
    0x08008736   0x00000002   PAD
    0x08008738   0x00000008   Code   RO          414    .text               c_w.l(libspace.o)
    0x08008740   0x0000000c   Code   RO          473    .text               c_w.l(sys_exit.o)
    0x0800874c   0x00000002   Code   RO          484    .text               c_w.l(use_no_semi.o)
    0x0800874e   0x00000000   Code   RO          486    .text               c_w.l(indicate_semi.o)
    0x0800874e   0x00000002   PAD
    0x08008750   0x00000020   Data   RO          538    Region$$Table       anon$$obj.o


    Execution Region RW_IRAM1 (Base: 0x20000000, Size: 0x00000718, Max: 0x00005000, ABSOLUTE)

    Base Addr    Size         Type   Attr      Idx    E Section Name        Object

    0x20000000   0x00000020   Data   RW            5    .data               main.o
    0x20000020   0x00000018   Data   RW          130    .data               led.o
    0x20000038   0x00000001   Data   RW          158    .data               communication.o
    0x20000039   0x00000007   PAD
    0x20000040   0x00000008   Data   RW          185    .data               movement.o
    0x20000048   0x00000014   Data   RW          286    .data               stm32f10x_rcc.o
    0x2000005c   0x00000014   Data   RW          335    .data               system_stm32f10x.o
    0x20000070   0x00000023   Zero   RW            4    .bss                main.o
    0x20000093   0x00000021   Zero   RW          157    .bss                communication.o
    0x200000b4   0x00000060   Zero   RW          415    .bss                c_w.l(libspace.o)
    0x20000114   0x00000004   PAD
    0x20000118   0x00000200   Zero   RW          326    HEAP                startup_stm32f10x_md.o
    0x20000318   0x00000400   Zero   RW          325    STACK               startup_stm32f10x_md.o


==============================================================================

Image component sizes


      Code (inc. data)   RO Data    RW Data    ZI Data      Debug   Object Name

       548         40          0          1         33      23964   communication.o
       524         34          0          0          0      23948   init.o
      1652         74          0         24          0       2641   led.o
       880         40          0         32         35     291093   main.o
       220         22          0          0          0       1925   misc.o
       860         30          0          8          0       2457   movement.o
        64         26        236          0       1536        916   startup_stm32f10x_md.o
       284         10          0          0          0       2359   stm32f10x_exti.o
      1468         34          0          0          0       8158   stm32f10x_flash.o
       860         38          0          0          0       5773   stm32f10x_gpio.o
      1028         16          0          0          0       9231   stm32f10x_i2c.o
       932         36          0         20          0       8928   stm32f10x_rcc.o
      3610         88          0          0          0      22256   stm32f10x_tim.o
       480         38          0         20          0       2199   system_stm32f10x.o

    ----------------------------------------------------------------------
     13412        526        268        112       1604     405848   Object Totals
         0          0         32          0          0          0   (incl. Generated)
         2          0          0          7          0          0   (incl. Padding)

    ----------------------------------------------------------------------

      Code (inc. data)   RO Data    RW Data    ZI Data      Debug   Library Member Name

         8          0          0          0          0         68   __main.o
        52          8          0          0          0          0   __scatter.o
        26          0          0          0          0          0   __scatter_copy.o
        28          0          0          0          0          0   __scatter_zi.o
        12          0          0          0          0         72   exit.o
         6          0          0          0          0        152   heapauxi.o
         0          0          0          0          0          0   indicate_semi.o
         2          0          0          0          0          0   libinit.o
         2          0          0          0          0          0   libinit2.o
         2          0          0          0          0          0   libshutdown.o
         2          0          0          0          0          0   libshutdown2.o
         8          4          0          0         96         68   libspace.o
       138          0          0          0          0         68   rt_memcpy_v6.o
       100          0          0          0          0         80   rt_memcpy_w.o
         0          0          0          0          0          0   rtentry.o
        12          0          0          0          0          0   rtentry2.o
         6          0          0          0          0          0   rtentry4.o
         2          0          0          0          0          0   rtexit.o
        10          0          0          0          0          0   rtexit2.o
        12          4          0          0          0         68   sys_exit.o
        74          0          0          0          0         80   sys_stackheap_outer.o
         2          0          0          0          0         68   use_no_semi.o

    ----------------------------------------------------------------------
       512         16          0          0        100        724   Library Totals
         8          0          0          0          4          0   (incl. Padding)

    ----------------------------------------------------------------------

      Code (inc. data)   RO Data    RW Data    ZI Data      Debug   Library Name

       504         16          0          0         96        724   c_w.l

    ----------------------------------------------------------------------
       512         16          0          0        100        724   Library Totals

    ----------------------------------------------------------------------

==============================================================================


      Code (inc. data)   RO Data    RW Data    ZI Data      Debug   

     13924        542        268        112       1704     405060   Grand Totals
     13924        542        268        112       1704     405060   ELF Image Totals
     13924        542        268        112          0          0   ROM Totals

==============================================================================

    Total RO  Size (Code + RO Data)                14192 (  13.86kB)
    Total RW  Size (RW Data + ZI Data)              1816 (   1.77kB)
    Total ROM Size (Code + RO Data + RW Data)      14304 (  13.97kB)

==============================================================================

