Component: ARM Compiler 5.06 (build 20) Tool: armlink [4d35a3]

==============================================================================

Section Cross References

    main.o(.text) refers to stm32f10x_flash.o(.text) for FLASH_Unlock
    main.o(.text) refers to init.o(.text) for SystemClockInit
    main.o(.text) refers to communication.o(.text) for I2CInit
    main.o(.text) refers to led.o(.text) for LEDInit
    main.o(.text) refers to movement.o(.text) for ExtiInit
    main.o(.text) refers to misc.o(.text) for NVIC_SetVectorTable
    main.o(.text) refers to main.o(.data) for IsDataNew
    main.o(.text) refers to main.o(.bss) for PramReg
    init.o(.text) refers to stm32f10x_rcc.o(.text) for RCC_DeInit
    init.o(.text) refers to stm32f10x_flash.o(.text) for FLASH_PrefetchBufferCmd
    init.o(.text) refers to stm32f10x_gpio.o(.text) for GPIO_Init
    init.o(.text) refers to system_stm32f10x.o(.data) for SystemCoreClock
    led.o(.text) refers to stm32f10x_tim.o(.text) for TIM_DeInit
    led.o(.text) refers to init.o(.text) for GPIOInit
    led.o(.text) refers to stm32f10x_rcc.o(.text) for RCC_APB1PeriphClockCmd
    led.o(.text) refers to stm32f10x_gpio.o(.text) for GPIO_SetBits
    led.o(.text) refers to system_stm32f10x.o(.data) for SystemCoreClock
    led.o(.text) refers to led.o(.data) for Tim2_fre
    led.o(.text) refers to main.o(.bss) for Config
    led.o(.text) refers to main.o(.data) for localtime
    communication.o(.text) refers to init.o(.text) for GPIOInit
    communication.o(.text) refers to stm32f10x_rcc.o(.text) for RCC_APB1PeriphClockCmd
    communication.o(.text) refers to stm32f10x_i2c.o(.text) for I2C_DeInit
    communication.o(.text) refers to rt_memclr.o(.text) for __aeabi_memclr
    communication.o(.text) refers to rt_memcpy_v6.o(.text) for __aeabi_memcpy
    communication.o(.text) refers to communication.o(.bss) for I2C_Communication
    communication.o(.text) refers to main.o(.bss) for PramReg
    communication.o(.text) refers to communication.o(.data) for Counter
    communication.o(.text) refers to main.o(.data) for IsDataNew
    movement.o(.text) refers to stm32f10x_tim.o(.text) for TIM_DeInit
    movement.o(.text) refers to init.o(.text) for GPIOInit
    movement.o(.text) refers to stm32f10x_rcc.o(.text) for RCC_APB2PeriphClockCmd
    movement.o(.text) refers to stm32f10x_exti.o(.text) for EXTI_DeInit
    movement.o(.text) refers to stm32f10x_gpio.o(.text) for GPIO_EXTILineConfig
    movement.o(.text) refers to main.o(.bss) for PramReg
    movement.o(.text) refers to main.o(.data) for localtime
    movement.o(.text) refers to movement.o(.data) for Counter
    stm32f10x_gpio.o(.text) refers to stm32f10x_rcc.o(.text) for RCC_APB2PeriphResetCmd
    stm32f10x_i2c.o(.text) refers to stm32f10x_rcc.o(.text) for RCC_APB1PeriphResetCmd
    stm32f10x_rcc.o(.text) refers to stm32f10x_rcc.o(.data) for APBAHBPrescTable
    stm32f10x_tim.o(.text) refers to stm32f10x_rcc.o(.text) for RCC_APB2PeriphResetCmd
    startup_stm32f10x_md.o(STACK) refers (Special) to heapauxi.o(.text) for __use_two_region_memory
    startup_stm32f10x_md.o(HEAP) refers (Special) to heapauxi.o(.text) for __use_two_region_memory
    startup_stm32f10x_md.o(RESET) refers (Special) to heapauxi.o(.text) for __use_two_region_memory
    startup_stm32f10x_md.o(RESET) refers to startup_stm32f10x_md.o(STACK) for __initial_sp
    startup_stm32f10x_md.o(RESET) refers to startup_stm32f10x_md.o(.text) for Reset_Handler
    startup_stm32f10x_md.o(RESET) refers to main.o(.text) for SysTick_Handler
    startup_stm32f10x_md.o(RESET) refers to movement.o(.text) for EXTI0_IRQHandler
    startup_stm32f10x_md.o(RESET) refers to communication.o(.text) for I2C2_EV_IRQHandler
    startup_stm32f10x_md.o(.text) refers (Special) to heapauxi.o(.text) for __use_two_region_memory
    startup_stm32f10x_md.o(.text) refers to system_stm32f10x.o(.text) for SystemInit
    startup_stm32f10x_md.o(.text) refers to __main.o(!!!main) for __main
    startup_stm32f10x_md.o(.text) refers to startup_stm32f10x_md.o(HEAP) for Heap_Mem
    startup_stm32f10x_md.o(.text) refers to startup_stm32f10x_md.o(STACK) for Stack_Mem
    system_stm32f10x.o(.text) refers to system_stm32f10x.o(.data) for SystemCoreClock
    rt_memcpy_v6.o(.text) refers to rt_memcpy_w.o(.text) for __aeabi_memcpy4
    rt_memclr.o(.text) refers to rt_memclr_w.o(.text) for _memset_w
    __main.o(!!!main) refers to __rtentry.o(.ARM.Collect$$rtentry$$00000000) for __rt_entry
    __rtentry.o(.ARM.Collect$$rtentry$$00000000) refers (Special) to __rtentry2.o(.ARM.Collect$$rtentry$$0000000A) for __rt_entry_li
    __rtentry.o(.ARM.Collect$$rtentry$$00000000) refers (Special) to __rtentry2.o(.ARM.Collect$$rtentry$$0000000D) for __rt_entry_main
    __rtentry.o(.ARM.Collect$$rtentry$$00000000) refers (Special) to __rtentry2.o(.ARM.Collect$$rtentry$$0000000C) for __rt_entry_postli_1
    __rtentry.o(.ARM.Collect$$rtentry$$00000000) refers (Special) to __rtentry2.o(.ARM.Collect$$rtentry$$00000009) for __rt_entry_postsh_1
    __rtentry.o(.ARM.Collect$$rtentry$$00000000) refers (Special) to __rtentry2.o(.ARM.Collect$$rtentry$$00000002) for __rt_entry_presh_1
    __rtentry.o(.ARM.Collect$$rtentry$$00000000) refers (Special) to __rtentry4.o(.ARM.Collect$$rtentry$$00000004) for __rt_entry_sh
    __rtentry2.o(.ARM.Collect$$rtentry$$00000008) refers to boardinit2.o(.text) for _platform_post_stackheap_init
    __rtentry2.o(.ARM.Collect$$rtentry$$0000000A) refers to libinit.o(.ARM.Collect$$libinit$$00000000) for __rt_lib_init
    __rtentry2.o(.ARM.Collect$$rtentry$$0000000B) refers to boardinit3.o(.text) for _platform_post_lib_init
    __rtentry2.o(.ARM.Collect$$rtentry$$0000000D) refers to main.o(.text) for main
    __rtentry2.o(.ARM.Collect$$rtentry$$0000000D) refers to exit.o(.text) for exit
    __rtentry2.o(.ARM.exidx) refers to __rtentry2.o(.ARM.Collect$$rtentry$$00000001) for .ARM.Collect$$rtentry$$00000001
    __rtentry2.o(.ARM.exidx) refers to __rtentry2.o(.ARM.Collect$$rtentry$$00000008) for .ARM.Collect$$rtentry$$00000008
    __rtentry2.o(.ARM.exidx) refers to __rtentry2.o(.ARM.Collect$$rtentry$$0000000A) for .ARM.Collect$$rtentry$$0000000A
    __rtentry2.o(.ARM.exidx) refers to __rtentry2.o(.ARM.Collect$$rtentry$$0000000B) for .ARM.Collect$$rtentry$$0000000B
    __rtentry2.o(.ARM.exidx) refers to __rtentry2.o(.ARM.Collect$$rtentry$$0000000D) for .ARM.Collect$$rtentry$$0000000D
    __rtentry4.o(.ARM.Collect$$rtentry$$00000004) refers to sys_stackheap_outer.o(.text) for __user_setup_stackheap
    __rtentry4.o(.ARM.exidx) refers to __rtentry4.o(.ARM.Collect$$rtentry$$00000004) for .ARM.Collect$$rtentry$$00000004
    sys_stackheap_outer.o(.text) refers to libspace.o(.text) for __user_perproc_libspace
    sys_stackheap_outer.o(.text) refers to startup_stm32f10x_md.o(.text) for __user_initial_stackheap
    exit.o(.text) refers to rtexit.o(.ARM.Collect$$rtexit$$00000000) for __rt_exit
    libinit.o(.ARM.Collect$$libinit$$00000000) refers (Special) to libinit2.o(.ARM.Collect$$libinit$$0000002E) for __rt_lib_init_alloca_1
    libinit.o(.ARM.Collect$$libinit$$00000000) refers (Special) to libinit2.o(.ARM.Collect$$libinit$$0000002C) for __rt_lib_init_argv_1
    libinit.o(.ARM.Collect$$libinit$$00000000) refers (Special) to libinit2.o(.ARM.Collect$$libinit$$0000001B) for __rt_lib_init_atexit_1
    libinit.o(.ARM.Collect$$libinit$$00000000) refers (Special) to libinit2.o(.ARM.Collect$$libinit$$00000021) for __rt_lib_init_clock_1
    libinit.o(.ARM.Collect$$libinit$$00000000) refers (Special) to libinit2.o(.ARM.Collect$$libinit$$00000032) for __rt_lib_init_cpp_1
    libinit.o(.ARM.Collect$$libinit$$00000000) refers (Special) to libinit2.o(.ARM.Collect$$libinit$$00000030) for __rt_lib_init_exceptions_1
    libinit.o(.ARM.Collect$$libinit$$00000000) refers (Special) to libinit2.o(.ARM.Collect$$libinit$$00000002) for __rt_lib_init_fp_1
    libinit.o(.ARM.Collect$$libinit$$00000000) refers (Special) to libinit2.o(.ARM.Collect$$libinit$$0000001F) for __rt_lib_init_fp_trap_1
    libinit.o(.ARM.Collect$$libinit$$00000000) refers (Special) to libinit2.o(.ARM.Collect$$libinit$$00000023) for __rt_lib_init_getenv_1
    libinit.o(.ARM.Collect$$libinit$$00000000) refers (Special) to libinit2.o(.ARM.Collect$$libinit$$0000000A) for __rt_lib_init_heap_1
    libinit.o(.ARM.Collect$$libinit$$00000000) refers (Special) to libinit2.o(.ARM.Collect$$libinit$$00000011) for __rt_lib_init_lc_collate_1
    libinit.o(.ARM.Collect$$libinit$$00000000) refers (Special) to libinit2.o(.ARM.Collect$$libinit$$00000013) for __rt_lib_init_lc_ctype_1
    libinit.o(.ARM.Collect$$libinit$$00000000) refers (Special) to libinit2.o(.ARM.Collect$$libinit$$00000015) for __rt_lib_init_lc_monetary_1
    libinit.o(.ARM.Collect$$libinit$$00000000) refers (Special) to libinit2.o(.ARM.Collect$$libinit$$00000017) for __rt_lib_init_lc_numeric_1
    libinit.o(.ARM.Collect$$libinit$$00000000) refers (Special) to libinit2.o(.ARM.Collect$$libinit$$00000019) for __rt_lib_init_lc_time_1
    libinit.o(.ARM.Collect$$libinit$$00000000) refers (Special) to libinit2.o(.ARM.Collect$$libinit$$00000004) for __rt_lib_init_preinit_1
    libinit.o(.ARM.Collect$$libinit$$00000000) refers (Special) to libinit2.o(.ARM.Collect$$libinit$$0000000E) for __rt_lib_init_rand_1
    libinit.o(.ARM.Collect$$libinit$$00000000) refers (Special) to libinit2.o(.ARM.Collect$$libinit$$00000033) for __rt_lib_init_return
    libinit.o(.ARM.Collect$$libinit$$00000000) refers (Special) to libinit2.o(.ARM.Collect$$libinit$$0000001D) for __rt_lib_init_signal_1
    libinit.o(.ARM.Collect$$libinit$$00000000) refers (Special) to libinit2.o(.ARM.Collect$$libinit$$00000025) for __rt_lib_init_stdio_1
    libinit.o(.ARM.Collect$$libinit$$00000000) refers (Special) to libinit2.o(.ARM.Collect$$libinit$$0000000C) for __rt_lib_init_user_alloc_1
    libspace.o(.text) refers to libspace.o(.bss) for __libspace_start
    rtexit.o(.ARM.Collect$$rtexit$$00000000) refers (Special) to rtexit2.o(.ARM.Collect$$rtexit$$00000004) for __rt_exit_exit
    rtexit.o(.ARM.Collect$$rtexit$$00000000) refers (Special) to rtexit2.o(.ARM.Collect$$rtexit$$00000003) for __rt_exit_ls
    rtexit.o(.ARM.Collect$$rtexit$$00000000) refers (Special) to rtexit2.o(.ARM.Collect$$rtexit$$00000002) for __rt_exit_prels_1
    rtexit.o(.ARM.exidx) refers (Special) to rtexit2.o(.ARM.Collect$$rtexit$$00000004) for __rt_exit_exit
    rtexit.o(.ARM.exidx) refers (Special) to rtexit2.o(.ARM.Collect$$rtexit$$00000003) for __rt_exit_ls
    rtexit.o(.ARM.exidx) refers (Special) to rtexit2.o(.ARM.Collect$$rtexit$$00000002) for __rt_exit_prels_1
    rtexit.o(.ARM.exidx) refers to rtexit.o(.ARM.Collect$$rtexit$$00000000) for .ARM.Collect$$rtexit$$00000000
    libinit2.o(.ARM.Collect$$libinit$$00000010) refers to libinit2.o(.ARM.Collect$$libinit$$0000000F) for .ARM.Collect$$libinit$$0000000F
    libinit2.o(.ARM.Collect$$libinit$$00000012) refers to libinit2.o(.ARM.Collect$$libinit$$0000000F) for .ARM.Collect$$libinit$$0000000F
    libinit2.o(.ARM.Collect$$libinit$$00000014) refers to libinit2.o(.ARM.Collect$$libinit$$0000000F) for .ARM.Collect$$libinit$$0000000F
    libinit2.o(.ARM.Collect$$libinit$$00000016) refers to libinit2.o(.ARM.Collect$$libinit$$0000000F) for .ARM.Collect$$libinit$$0000000F
    libinit2.o(.ARM.Collect$$libinit$$00000018) refers to libinit2.o(.ARM.Collect$$libinit$$0000000F) for .ARM.Collect$$libinit$$0000000F
    libinit2.o(.ARM.Collect$$libinit$$00000026) refers to argv_veneer.o(.emb_text) for __ARM_argv_veneer
    libinit2.o(.ARM.Collect$$libinit$$00000027) refers to argv_veneer.o(.emb_text) for __ARM_argv_veneer
    rtexit2.o(.ARM.Collect$$rtexit$$00000003) refers to libshutdown.o(.ARM.Collect$$libshutdown$$00000000) for __rt_lib_shutdown
    rtexit2.o(.ARM.Collect$$rtexit$$00000004) refers to sys_exit.o(.text) for _sys_exit
    rtexit2.o(.ARM.exidx) refers to rtexit2.o(.ARM.Collect$$rtexit$$00000001) for .ARM.Collect$$rtexit$$00000001
    rtexit2.o(.ARM.exidx) refers to rtexit2.o(.ARM.Collect$$rtexit$$00000003) for .ARM.Collect$$rtexit$$00000003
    rtexit2.o(.ARM.exidx) refers to rtexit2.o(.ARM.Collect$$rtexit$$00000004) for .ARM.Collect$$rtexit$$00000004
    argv_veneer.o(.emb_text) refers to no_argv.o(.text) for __ARM_get_argv
    sys_exit.o(.text) refers (Special) to use_no_semi.o(.text) for __I$use$semihosting
    sys_exit.o(.text) refers (Special) to indicate_semi.o(.text) for __semihosting_library_function
    _get_argv_nomalloc.o(.text) refers (Special) to hrguard.o(.text) for __heap_region$guard
    _get_argv_nomalloc.o(.text) refers to defsig_rtmem_outer.o(.text) for __rt_SIGRTMEM
    _get_argv_nomalloc.o(.text) refers to sys_command.o(.text) for _sys_command_string
    libshutdown.o(.ARM.Collect$$libshutdown$$00000000) refers (Special) to libshutdown2.o(.ARM.Collect$$libshutdown$$00000002) for __rt_lib_shutdown_cpp_1
    libshutdown.o(.ARM.Collect$$libshutdown$$00000000) refers (Special) to libshutdown2.o(.ARM.Collect$$libshutdown$$00000007) for __rt_lib_shutdown_fp_trap_1
    libshutdown.o(.ARM.Collect$$libshutdown$$00000000) refers (Special) to libshutdown2.o(.ARM.Collect$$libshutdown$$0000000F) for __rt_lib_shutdown_heap_1
    libshutdown.o(.ARM.Collect$$libshutdown$$00000000) refers (Special) to libshutdown2.o(.ARM.Collect$$libshutdown$$00000010) for __rt_lib_shutdown_return
    libshutdown.o(.ARM.Collect$$libshutdown$$00000000) refers (Special) to libshutdown2.o(.ARM.Collect$$libshutdown$$0000000A) for __rt_lib_shutdown_signal_1
    libshutdown.o(.ARM.Collect$$libshutdown$$00000000) refers (Special) to libshutdown2.o(.ARM.Collect$$libshutdown$$00000004) for __rt_lib_shutdown_stdio_1
    libshutdown.o(.ARM.Collect$$libshutdown$$00000000) refers (Special) to libshutdown2.o(.ARM.Collect$$libshutdown$$0000000C) for __rt_lib_shutdown_user_alloc_1
    sys_command.o(.text) refers (Special) to use_no_semi.o(.text) for __I$use$semihosting
    sys_command.o(.text) refers (Special) to indicate_semi.o(.text) for __semihosting_library_function
    defsig_rtmem_outer.o(.text) refers to defsig_rtmem_inner.o(.text) for __rt_SIGRTMEM_inner
    defsig_rtmem_outer.o(.text) refers to defsig_exit.o(.text) for __sig_exit
    defsig_rtmem_formal.o(.text) refers to rt_raise.o(.text) for __rt_raise
    rt_raise.o(.text) refers to __raise.o(.text) for __raise
    rt_raise.o(.text) refers to sys_exit.o(.text) for _sys_exit
    defsig_exit.o(.text) refers to sys_exit.o(.text) for _sys_exit
    defsig_rtmem_inner.o(.text) refers to defsig_general.o(.text) for __default_signal_display
    __raise.o(.text) refers to defsig.o(CL$$defsig) for __default_signal_handler
    defsig_general.o(.text) refers to sys_wrch.o(.text) for _ttywrch
    sys_wrch.o(.text) refers (Special) to use_no_semi.o(.text) for __I$use$semihosting
    sys_wrch.o(.text) refers (Special) to indicate_semi.o(.text) for __semihosting_library_function
    defsig.o(CL$$defsig) refers to defsig_rtmem_inner.o(.text) for __rt_SIGRTMEM_inner
    defsig_abrt_inner.o(.text) refers to defsig_general.o(.text) for __default_signal_display
    defsig_fpe_inner.o(.text) refers to defsig_general.o(.text) for __default_signal_display
    defsig_rtred_inner.o(.text) refers to defsig_general.o(.text) for __default_signal_display
    defsig_stak_inner.o(.text) refers to defsig_general.o(.text) for __default_signal_display
    defsig_pvfn_inner.o(.text) refers to defsig_general.o(.text) for __default_signal_display
    defsig_cppl_inner.o(.text) refers to defsig_general.o(.text) for __default_signal_display
    defsig_segv_inner.o(.text) refers to defsig_general.o(.text) for __default_signal_display
    defsig_other.o(.text) refers to defsig_general.o(.text) for __default_signal_display


==============================================================================

Removing Unused input sections from the image.

    Removing main.o(.rev16_text), (4 bytes).
    Removing main.o(.revsh_text), (4 bytes).
    Removing main.o(.rrx_text), (6 bytes).
    Removing init.o(.rev16_text), (4 bytes).
    Removing init.o(.revsh_text), (4 bytes).
    Removing init.o(.rrx_text), (6 bytes).
    Removing led.o(.rev16_text), (4 bytes).
    Removing led.o(.revsh_text), (4 bytes).
    Removing led.o(.rrx_text), (6 bytes).
    Removing communication.o(.rev16_text), (4 bytes).
    Removing communication.o(.revsh_text), (4 bytes).
    Removing communication.o(.rrx_text), (6 bytes).
    Removing movement.o(.rev16_text), (4 bytes).
    Removing movement.o(.revsh_text), (4 bytes).
    Removing movement.o(.rrx_text), (6 bytes).
    Removing misc.o(.rev16_text), (4 bytes).
    Removing misc.o(.revsh_text), (4 bytes).
    Removing misc.o(.rrx_text), (6 bytes).
    Removing stm32f10x_exti.o(.rev16_text), (4 bytes).
    Removing stm32f10x_exti.o(.revsh_text), (4 bytes).
    Removing stm32f10x_exti.o(.rrx_text), (6 bytes).
    Removing stm32f10x_flash.o(.rev16_text), (4 bytes).
    Removing stm32f10x_flash.o(.revsh_text), (4 bytes).
    Removing stm32f10x_flash.o(.rrx_text), (6 bytes).
    Removing stm32f10x_gpio.o(.rev16_text), (4 bytes).
    Removing stm32f10x_gpio.o(.revsh_text), (4 bytes).
    Removing stm32f10x_gpio.o(.rrx_text), (6 bytes).
    Removing stm32f10x_i2c.o(.rev16_text), (4 bytes).
    Removing stm32f10x_i2c.o(.revsh_text), (4 bytes).
    Removing stm32f10x_i2c.o(.rrx_text), (6 bytes).
    Removing stm32f10x_rcc.o(.rev16_text), (4 bytes).
    Removing stm32f10x_rcc.o(.revsh_text), (4 bytes).
    Removing stm32f10x_rcc.o(.rrx_text), (6 bytes).
    Removing stm32f10x_tim.o(.rev16_text), (4 bytes).
    Removing stm32f10x_tim.o(.revsh_text), (4 bytes).
    Removing stm32f10x_tim.o(.rrx_text), (6 bytes).
    Removing system_stm32f10x.o(.rev16_text), (4 bytes).
    Removing system_stm32f10x.o(.revsh_text), (4 bytes).
    Removing system_stm32f10x.o(.rrx_text), (6 bytes).

39 unused section(s) (total 182 bytes) removed from the image.

==============================================================================

Image Symbol Table

    Local Symbols

    Symbol Name                              Value     Ov Type        Size  Object(Section)

    ../clib/angel/boardlib.s                 0x00000000   Number         0  boardshut.o ABSOLUTE
    ../clib/angel/boardlib.s                 0x00000000   Number         0  boardinit1.o ABSOLUTE
    ../clib/angel/boardlib.s                 0x00000000   Number         0  boardinit2.o ABSOLUTE
    ../clib/angel/boardlib.s                 0x00000000   Number         0  boardinit3.o ABSOLUTE
    ../clib/angel/handlers.s                 0x00000000   Number         0  __scatter_copy.o ABSOLUTE
    ../clib/angel/handlers.s                 0x00000000   Number         0  __scatter_zi.o ABSOLUTE
    ../clib/angel/kernel.s                   0x00000000   Number         0  __rtentry4.o ABSOLUTE
    ../clib/angel/kernel.s                   0x00000000   Number         0  __rtentry2.o ABSOLUTE
    ../clib/angel/kernel.s                   0x00000000   Number         0  __rtentry.o ABSOLUTE
    ../clib/angel/kernel.s                   0x00000000   Number         0  rtexit2.o ABSOLUTE
    ../clib/angel/kernel.s                   0x00000000   Number         0  rtexit.o ABSOLUTE
    ../clib/angel/rt.s                       0x00000000   Number         0  rt_raise.o ABSOLUTE
    ../clib/angel/scatter.s                  0x00000000   Number         0  __scatter.o ABSOLUTE
    ../clib/angel/startup.s                  0x00000000   Number         0  __main.o ABSOLUTE
    ../clib/angel/sys.s                      0x00000000   Number         0  sys_stackheap_outer.o ABSOLUTE
    ../clib/angel/sys.s                      0x00000000   Number         0  libspace.o ABSOLUTE
    ../clib/angel/sys.s                      0x00000000   Number         0  use_no_semi.o ABSOLUTE
    ../clib/angel/sys.s                      0x00000000   Number         0  indicate_semi.o ABSOLUTE
    ../clib/angel/sysapp.c                   0x00000000   Number         0  sys_command.o ABSOLUTE
    ../clib/angel/sysapp.c                   0x00000000   Number         0  sys_wrch.o ABSOLUTE
    ../clib/angel/sysapp.c                   0x00000000   Number         0  sys_exit.o ABSOLUTE
    ../clib/armsys.c                         0x00000000   Number         0  argv_veneer.o ABSOLUTE
    ../clib/armsys.c                         0x00000000   Number         0  argv_veneer.o ABSOLUTE
    ../clib/armsys.c                         0x00000000   Number         0  _get_argv_nomalloc.o ABSOLUTE
    ../clib/armsys.c                         0x00000000   Number         0  no_argv.o ABSOLUTE
    ../clib/heapalloc.c                      0x00000000   Number         0  hrguard.o ABSOLUTE
    ../clib/heapaux.c                        0x00000000   Number         0  heapauxi.o ABSOLUTE
    ../clib/libinit.s                        0x00000000   Number         0  libinit.o ABSOLUTE
    ../clib/libinit.s                        0x00000000   Number         0  libshutdown.o ABSOLUTE
    ../clib/libinit.s                        0x00000000   Number         0  libinit2.o ABSOLUTE
    ../clib/libinit.s                        0x00000000   Number         0  libshutdown2.o ABSOLUTE
    ../clib/memcpset.s                       0x00000000   Number         0  rt_memcpy_w.o ABSOLUTE
    ../clib/memcpset.s                       0x00000000   Number         0  rt_memcpy_v6.o ABSOLUTE
    ../clib/memcpset.s                       0x00000000   Number         0  rt_memclr.o ABSOLUTE
    ../clib/memcpset.s                       0x00000000   Number         0  rt_memclr_w.o ABSOLUTE
    ../clib/signal.c                         0x00000000   Number         0  defsig_pvfn_inner.o ABSOLUTE
    ../clib/signal.c                         0x00000000   Number         0  defsig_stak_inner.o ABSOLUTE
    ../clib/signal.c                         0x00000000   Number         0  defsig_rtred_inner.o ABSOLUTE
    ../clib/signal.c                         0x00000000   Number         0  defsig_fpe_inner.o ABSOLUTE
    ../clib/signal.c                         0x00000000   Number         0  defsig_abrt_inner.o ABSOLUTE
    ../clib/signal.c                         0x00000000   Number         0  defsig_general.o ABSOLUTE
    ../clib/signal.c                         0x00000000   Number         0  __raise.o ABSOLUTE
    ../clib/signal.c                         0x00000000   Number         0  defsig_cppl_inner.o ABSOLUTE
    ../clib/signal.c                         0x00000000   Number         0  defsig_rtmem_inner.o ABSOLUTE
    ../clib/signal.c                         0x00000000   Number         0  defsig_exit.o ABSOLUTE
    ../clib/signal.c                         0x00000000   Number         0  defsig_rtmem_formal.o ABSOLUTE
    ../clib/signal.c                         0x00000000   Number         0  defsig_rtmem_outer.o ABSOLUTE
    ../clib/signal.c                         0x00000000   Number         0  defsig_other.o ABSOLUTE
    ../clib/signal.c                         0x00000000   Number         0  defsig_segv_inner.o ABSOLUTE
    ../clib/signal.s                         0x00000000   Number         0  defsig.o ABSOLUTE
    ../clib/stdlib.c                         0x00000000   Number         0  exit.o ABSOLUTE
    ../fplib/fpinit.s                        0x00000000   Number         0  fpinit.o ABSOLUTE
    C:\Keil_v5\ARM\PACK\Keil\STM32F1xx_DFP\1.1.0\Device\StdPeriph_Driver\src\misc.c 0x00000000   Number         0  misc.o ABSOLUTE
    C:\Keil_v5\ARM\PACK\Keil\STM32F1xx_DFP\1.1.0\Device\StdPeriph_Driver\src\stm32f10x_exti.c 0x00000000   Number         0  stm32f10x_exti.o ABSOLUTE
    C:\Keil_v5\ARM\PACK\Keil\STM32F1xx_DFP\1.1.0\Device\StdPeriph_Driver\src\stm32f10x_flash.c 0x00000000   Number         0  stm32f10x_flash.o ABSOLUTE
    C:\Keil_v5\ARM\PACK\Keil\STM32F1xx_DFP\1.1.0\Device\StdPeriph_Driver\src\stm32f10x_gpio.c 0x00000000   Number         0  stm32f10x_gpio.o ABSOLUTE
    C:\Keil_v5\ARM\PACK\Keil\STM32F1xx_DFP\1.1.0\Device\StdPeriph_Driver\src\stm32f10x_i2c.c 0x00000000   Number         0  stm32f10x_i2c.o ABSOLUTE
    C:\Keil_v5\ARM\PACK\Keil\STM32F1xx_DFP\1.1.0\Device\StdPeriph_Driver\src\stm32f10x_rcc.c 0x00000000   Number         0  stm32f10x_rcc.o ABSOLUTE
    C:\Keil_v5\ARM\PACK\Keil\STM32F1xx_DFP\1.1.0\Device\StdPeriph_Driver\src\stm32f10x_tim.c 0x00000000   Number         0  stm32f10x_tim.o ABSOLUTE
    C:\\Keil_v5\\ARM\\PACK\\Keil\\STM32F1xx_DFP\\1.1.0\\Device\\StdPeriph_Driver\\src\\misc.c 0x00000000   Number         0  misc.o ABSOLUTE
    C:\\Keil_v5\\ARM\\PACK\\Keil\\STM32F1xx_DFP\\1.1.0\\Device\\StdPeriph_Driver\\src\\stm32f10x_exti.c 0x00000000   Number         0  stm32f10x_exti.o ABSOLUTE
    C:\\Keil_v5\\ARM\\PACK\\Keil\\STM32F1xx_DFP\\1.1.0\\Device\\StdPeriph_Driver\\src\\stm32f10x_flash.c 0x00000000   Number         0  stm32f10x_flash.o ABSOLUTE
    C:\\Keil_v5\\ARM\\PACK\\Keil\\STM32F1xx_DFP\\1.1.0\\Device\\StdPeriph_Driver\\src\\stm32f10x_gpio.c 0x00000000   Number         0  stm32f10x_gpio.o ABSOLUTE
    C:\\Keil_v5\\ARM\\PACK\\Keil\\STM32F1xx_DFP\\1.1.0\\Device\\StdPeriph_Driver\\src\\stm32f10x_i2c.c 0x00000000   Number         0  stm32f10x_i2c.o ABSOLUTE
    C:\\Keil_v5\\ARM\\PACK\\Keil\\STM32F1xx_DFP\\1.1.0\\Device\\StdPeriph_Driver\\src\\stm32f10x_rcc.c 0x00000000   Number         0  stm32f10x_rcc.o ABSOLUTE
    C:\\Keil_v5\\ARM\\PACK\\Keil\\STM32F1xx_DFP\\1.1.0\\Device\\StdPeriph_Driver\\src\\stm32f10x_tim.c 0x00000000   Number         0  stm32f10x_tim.o ABSOLUTE
    RTE\Device\STM32F103C8\startup_stm32f10x_md.s 0x00000000   Number         0  startup_stm32f10x_md.o ABSOLUTE
    RTE\Device\STM32F103C8\system_stm32f10x.c 0x00000000   Number         0  system_stm32f10x.o ABSOLUTE
    RTE\\Device\\STM32F103C8\\system_stm32f10x.c 0x00000000   Number         0  system_stm32f10x.o ABSOLUTE
    User\Movement.c                          0x00000000   Number         0  movement.o ABSOLUTE
    User\\Movement.c                         0x00000000   Number         0  movement.o ABSOLUTE
    User\\communication.c                    0x00000000   Number         0  communication.o ABSOLUTE
    User\\init.c                             0x00000000   Number         0  init.o ABSOLUTE
    User\\led.c                              0x00000000   Number         0  led.o ABSOLUTE
    User\\main.c                             0x00000000   Number         0  main.o ABSOLUTE
    User\communication.c                     0x00000000   Number         0  communication.o ABSOLUTE
    User\init.c                              0x00000000   Number         0  init.o ABSOLUTE
    User\led.c                               0x00000000   Number         0  led.o ABSOLUTE
    User\main.c                              0x00000000   Number         0  main.o ABSOLUTE
    dc.s                                     0x00000000   Number         0  dc.o ABSOLUTE
    RESET                                    0x08005000   Section      236  startup_stm32f10x_md.o(RESET)
    !!!main                                  0x080050ec   Section        8  __main.o(!!!main)
    !!!scatter                               0x080050f4   Section       52  __scatter.o(!!!scatter)
    !!handler_copy                           0x08005128   Section       26  __scatter_copy.o(!!handler_copy)
    !!handler_zi                             0x08005144   Section       28  __scatter_zi.o(!!handler_zi)
    .ARM.Collect$$libinit$$00000000          0x08005160   Section        2  libinit.o(.ARM.Collect$$libinit$$00000000)
    .ARM.Collect$$libinit$$00000002          0x08005162   Section        0  libinit2.o(.ARM.Collect$$libinit$$00000002)
    .ARM.Collect$$libinit$$00000004          0x08005162   Section        0  libinit2.o(.ARM.Collect$$libinit$$00000004)
    .ARM.Collect$$libinit$$0000000A          0x08005162   Section        0  libinit2.o(.ARM.Collect$$libinit$$0000000A)
    .ARM.Collect$$libinit$$0000000C          0x08005162   Section        0  libinit2.o(.ARM.Collect$$libinit$$0000000C)
    .ARM.Collect$$libinit$$0000000E          0x08005162   Section        0  libinit2.o(.ARM.Collect$$libinit$$0000000E)
    .ARM.Collect$$libinit$$00000011          0x08005162   Section        0  libinit2.o(.ARM.Collect$$libinit$$00000011)
    .ARM.Collect$$libinit$$00000013          0x08005162   Section        0  libinit2.o(.ARM.Collect$$libinit$$00000013)
    .ARM.Collect$$libinit$$00000015          0x08005162   Section        0  libinit2.o(.ARM.Collect$$libinit$$00000015)
    .ARM.Collect$$libinit$$00000017          0x08005162   Section        0  libinit2.o(.ARM.Collect$$libinit$$00000017)
    .ARM.Collect$$libinit$$00000019          0x08005162   Section        0  libinit2.o(.ARM.Collect$$libinit$$00000019)
    .ARM.Collect$$libinit$$0000001B          0x08005162   Section        0  libinit2.o(.ARM.Collect$$libinit$$0000001B)
    .ARM.Collect$$libinit$$0000001D          0x08005162   Section        0  libinit2.o(.ARM.Collect$$libinit$$0000001D)
    .ARM.Collect$$libinit$$0000001F          0x08005162   Section        0  libinit2.o(.ARM.Collect$$libinit$$0000001F)
    .ARM.Collect$$libinit$$00000021          0x08005162   Section        0  libinit2.o(.ARM.Collect$$libinit$$00000021)
    .ARM.Collect$$libinit$$00000023          0x08005162   Section        0  libinit2.o(.ARM.Collect$$libinit$$00000023)
    .ARM.Collect$$libinit$$00000025          0x08005162   Section        0  libinit2.o(.ARM.Collect$$libinit$$00000025)
    .ARM.Collect$$libinit$$0000002C          0x08005162   Section        0  libinit2.o(.ARM.Collect$$libinit$$0000002C)
    .ARM.Collect$$libinit$$0000002E          0x08005162   Section        0  libinit2.o(.ARM.Collect$$libinit$$0000002E)
    .ARM.Collect$$libinit$$00000030          0x08005162   Section        0  libinit2.o(.ARM.Collect$$libinit$$00000030)
    .ARM.Collect$$libinit$$00000032          0x08005162   Section        0  libinit2.o(.ARM.Collect$$libinit$$00000032)
    .ARM.Collect$$libinit$$00000033          0x08005162   Section        2  libinit2.o(.ARM.Collect$$libinit$$00000033)
    .ARM.Collect$$libshutdown$$00000000      0x08005164   Section        2  libshutdown.o(.ARM.Collect$$libshutdown$$00000000)
    .ARM.Collect$$libshutdown$$00000002      0x08005166   Section        0  libshutdown2.o(.ARM.Collect$$libshutdown$$00000002)
    .ARM.Collect$$libshutdown$$00000004      0x08005166   Section        0  libshutdown2.o(.ARM.Collect$$libshutdown$$00000004)
    .ARM.Collect$$libshutdown$$00000007      0x08005166   Section        0  libshutdown2.o(.ARM.Collect$$libshutdown$$00000007)
    .ARM.Collect$$libshutdown$$0000000A      0x08005166   Section        0  libshutdown2.o(.ARM.Collect$$libshutdown$$0000000A)
    .ARM.Collect$$libshutdown$$0000000C      0x08005166   Section        0  libshutdown2.o(.ARM.Collect$$libshutdown$$0000000C)
    .ARM.Collect$$libshutdown$$0000000F      0x08005166   Section        0  libshutdown2.o(.ARM.Collect$$libshutdown$$0000000F)
    .ARM.Collect$$libshutdown$$00000010      0x08005166   Section        2  libshutdown2.o(.ARM.Collect$$libshutdown$$00000010)
    .ARM.Collect$$rtentry$$00000000          0x08005168   Section        0  __rtentry.o(.ARM.Collect$$rtentry$$00000000)
    .ARM.Collect$$rtentry$$00000002          0x08005168   Section        0  __rtentry2.o(.ARM.Collect$$rtentry$$00000002)
    .ARM.Collect$$rtentry$$00000004          0x08005168   Section        6  __rtentry4.o(.ARM.Collect$$rtentry$$00000004)
    .ARM.Collect$$rtentry$$00000009          0x0800516e   Section        0  __rtentry2.o(.ARM.Collect$$rtentry$$00000009)
    .ARM.Collect$$rtentry$$0000000A          0x0800516e   Section        4  __rtentry2.o(.ARM.Collect$$rtentry$$0000000A)
    .ARM.Collect$$rtentry$$0000000C          0x08005172   Section        0  __rtentry2.o(.ARM.Collect$$rtentry$$0000000C)
    .ARM.Collect$$rtentry$$0000000D          0x08005172   Section        8  __rtentry2.o(.ARM.Collect$$rtentry$$0000000D)
    .ARM.Collect$$rtexit$$00000000           0x0800517a   Section        2  rtexit.o(.ARM.Collect$$rtexit$$00000000)
    .ARM.Collect$$rtexit$$00000002           0x0800517c   Section        0  rtexit2.o(.ARM.Collect$$rtexit$$00000002)
    .ARM.Collect$$rtexit$$00000003           0x0800517c   Section        4  rtexit2.o(.ARM.Collect$$rtexit$$00000003)
    .ARM.Collect$$rtexit$$00000004           0x08005180   Section        6  rtexit2.o(.ARM.Collect$$rtexit$$00000004)
    .text                                    0x08005188   Section        0  main.o(.text)
    .text                                    0x08005530   Section        0  init.o(.text)
    .text                                    0x08005684   Section        0  led.o(.text)
    .text                                    0x08005ce0   Section        0  communication.o(.text)
    .text                                    0x08005f60   Section        0  movement.o(.text)
    NVIC_EnableIRQ                           0x0800638d   Thumb Code    22  movement.o(.text)
    .text                                    0x080063a4   Section        0  misc.o(.text)
    .text                                    0x08006480   Section        0  stm32f10x_exti.o(.text)
    .text                                    0x0800659c   Section        0  stm32f10x_flash.o(.text)
    .text                                    0x08006b58   Section        0  stm32f10x_gpio.o(.text)
    .text                                    0x08006eb4   Section        0  stm32f10x_i2c.o(.text)
    .text                                    0x080072b8   Section        0  stm32f10x_rcc.o(.text)
    .text                                    0x0800765c   Section        0  stm32f10x_tim.o(.text)
    TI4_Config                               0x08007b03   Thumb Code   130  stm32f10x_tim.o(.text)
    TI3_Config                               0x08007b97   Thumb Code   122  stm32f10x_tim.o(.text)
    TI2_Config                               0x08007c2b   Thumb Code   130  stm32f10x_tim.o(.text)
    TI1_Config                               0x08007cbf   Thumb Code   108  stm32f10x_tim.o(.text)
    .text                                    0x08008478   Section       64  startup_stm32f10x_md.o(.text)
    .text                                    0x080084b8   Section        0  system_stm32f10x.o(.text)
    SetSysClockTo72                          0x080084b9   Thumb Code   214  system_stm32f10x.o(.text)
    SetSysClock                              0x0800858f   Thumb Code     8  system_stm32f10x.o(.text)
    .text                                    0x08008698   Section      138  rt_memcpy_v6.o(.text)
    .text                                    0x08008722   Section       68  rt_memclr.o(.text)
    .text                                    0x08008766   Section        0  heapauxi.o(.text)
    .text                                    0x0800876c   Section      100  rt_memcpy_w.o(.text)
    .text                                    0x080087d0   Section       78  rt_memclr_w.o(.text)
    .text                                    0x0800881e   Section       74  sys_stackheap_outer.o(.text)
    .text                                    0x08008868   Section        0  exit.o(.text)
    .text                                    0x0800887c   Section        8  libspace.o(.text)
    .text                                    0x08008884   Section        0  sys_exit.o(.text)
    .text                                    0x08008890   Section        2  use_no_semi.o(.text)
    .text                                    0x08008892   Section        0  indicate_semi.o(.text)
    .data                                    0x20000000   Section       32  main.o(.data)
    .data                                    0x20000020   Section       24  led.o(.data)
    LED_Counter                              0x20000028   Data           8  led.o(.data)
    IsIncrease                               0x20000030   Data           1  led.o(.data)
    Breathing_Counter                        0x20000034   Data           4  led.o(.data)
    .data                                    0x20000038   Section        1  communication.o(.data)
    Counter                                  0x20000038   Data           1  communication.o(.data)
    .data                                    0x20000040   Section        8  movement.o(.data)
    Counter                                  0x20000040   Data           8  movement.o(.data)
    .data                                    0x20000048   Section       20  stm32f10x_rcc.o(.data)
    APBAHBPrescTable                         0x20000048   Data          16  stm32f10x_rcc.o(.data)
    ADCPrescTable                            0x20000058   Data           4  stm32f10x_rcc.o(.data)
    .data                                    0x2000005c   Section       20  system_stm32f10x.o(.data)
    .bss                                     0x20000070   Section       35  main.o(.bss)
    .bss                                     0x20000093   Section       35  communication.o(.bss)
    .bss                                     0x200000b8   Section       96  libspace.o(.bss)
    HEAP                                     0x20000118   Section      512  startup_stm32f10x_md.o(HEAP)
    Heap_Mem                                 0x20000118   Data         512  startup_stm32f10x_md.o(HEAP)
    STACK                                    0x20000318   Section     1024  startup_stm32f10x_md.o(STACK)
    Stack_Mem                                0x20000318   Data        1024  startup_stm32f10x_md.o(STACK)
    __initial_sp                             0x20000718   Data           0  startup_stm32f10x_md.o(STACK)

    Global Symbols

    Symbol Name                              Value     Ov Type        Size  Object(Section)

    BuildAttributes$$THM_ISAv4$P$D$K$B$S$PE$A:L22UL41UL21$X:L11$S22US41US21$IEEE1$IW$USESV6$~STKCKD$USESV7$~SHL$OSPACE$ROPI$EBA8$UX$STANDARDLIB$REQ8$PRES8$EABIv2 0x00000000   Number         0  anon$$obj.o ABSOLUTE
    __ARM_use_no_argv                        0x00000000   Number         0  main.o ABSOLUTE
    __ARM_exceptions_init                     - Undefined Weak Reference
    __alloca_initialize                       - Undefined Weak Reference
    __arm_preinit_                            - Undefined Weak Reference
    __cpp_initialize__aeabi_                  - Undefined Weak Reference
    __cxa_finalize                            - Undefined Weak Reference
    __rt_locale                               - Undefined Weak Reference
    __sigvec_lookup                           - Undefined Weak Reference
    _atexit_init                              - Undefined Weak Reference
    _call_atexit_fns                          - Undefined Weak Reference
    _clock_init                               - Undefined Weak Reference
    _fp_trap_init                             - Undefined Weak Reference
    _fp_trap_shutdown                         - Undefined Weak Reference
    _get_lc_collate                           - Undefined Weak Reference
    _get_lc_ctype                             - Undefined Weak Reference
    _get_lc_monetary                          - Undefined Weak Reference
    _get_lc_numeric                           - Undefined Weak Reference
    _get_lc_time                              - Undefined Weak Reference
    _getenv_init                              - Undefined Weak Reference
    _handle_redirection                       - Undefined Weak Reference
    _init_alloc                               - Undefined Weak Reference
    _init_user_alloc                          - Undefined Weak Reference
    _initio                                   - Undefined Weak Reference
    _rand_init                                - Undefined Weak Reference
    _signal_finish                            - Undefined Weak Reference
    _signal_init                              - Undefined Weak Reference
    _terminate_alloc                          - Undefined Weak Reference
    _terminate_user_alloc                     - Undefined Weak Reference
    _terminateio                              - Undefined Weak Reference
    __Vectors_Size                           0x000000ec   Number         0  startup_stm32f10x_md.o ABSOLUTE
    __Vectors                                0x08005000   Data           4  startup_stm32f10x_md.o(RESET)
    __Vectors_End                            0x080050ec   Data           0  startup_stm32f10x_md.o(RESET)
    __main                                   0x080050ed   Thumb Code     8  __main.o(!!!main)
    __scatterload                            0x080050f5   Thumb Code     0  __scatter.o(!!!scatter)
    __scatterload_rt2                        0x080050f5   Thumb Code    44  __scatter.o(!!!scatter)
    __scatterload_rt2_thumb_only             0x080050f5   Thumb Code     0  __scatter.o(!!!scatter)
    __scatterload_null                       0x08005103   Thumb Code     0  __scatter.o(!!!scatter)
    __scatterload_copy                       0x08005129   Thumb Code    26  __scatter_copy.o(!!handler_copy)
    __scatterload_zeroinit                   0x08005145   Thumb Code    28  __scatter_zi.o(!!handler_zi)
    __rt_lib_init                            0x08005161   Thumb Code     0  libinit.o(.ARM.Collect$$libinit$$00000000)
    __rt_lib_init_alloca_1                   0x08005163   Thumb Code     0  libinit2.o(.ARM.Collect$$libinit$$0000002E)
    __rt_lib_init_argv_1                     0x08005163   Thumb Code     0  libinit2.o(.ARM.Collect$$libinit$$0000002C)
    __rt_lib_init_atexit_1                   0x08005163   Thumb Code     0  libinit2.o(.ARM.Collect$$libinit$$0000001B)
    __rt_lib_init_clock_1                    0x08005163   Thumb Code     0  libinit2.o(.ARM.Collect$$libinit$$00000021)
    __rt_lib_init_cpp_1                      0x08005163   Thumb Code     0  libinit2.o(.ARM.Collect$$libinit$$00000032)
    __rt_lib_init_exceptions_1               0x08005163   Thumb Code     0  libinit2.o(.ARM.Collect$$libinit$$00000030)
    __rt_lib_init_fp_1                       0x08005163   Thumb Code     0  libinit2.o(.ARM.Collect$$libinit$$00000002)
    __rt_lib_init_fp_trap_1                  0x08005163   Thumb Code     0  libinit2.o(.ARM.Collect$$libinit$$0000001F)
    __rt_lib_init_getenv_1                   0x08005163   Thumb Code     0  libinit2.o(.ARM.Collect$$libinit$$00000023)
    __rt_lib_init_heap_1                     0x08005163   Thumb Code     0  libinit2.o(.ARM.Collect$$libinit$$0000000A)
    __rt_lib_init_lc_collate_1               0x08005163   Thumb Code     0  libinit2.o(.ARM.Collect$$libinit$$00000011)
    __rt_lib_init_lc_ctype_1                 0x08005163   Thumb Code     0  libinit2.o(.ARM.Collect$$libinit$$00000013)
    __rt_lib_init_lc_monetary_1              0x08005163   Thumb Code     0  libinit2.o(.ARM.Collect$$libinit$$00000015)
    __rt_lib_init_lc_numeric_1               0x08005163   Thumb Code     0  libinit2.o(.ARM.Collect$$libinit$$00000017)
    __rt_lib_init_lc_time_1                  0x08005163   Thumb Code     0  libinit2.o(.ARM.Collect$$libinit$$00000019)
    __rt_lib_init_preinit_1                  0x08005163   Thumb Code     0  libinit2.o(.ARM.Collect$$libinit$$00000004)
    __rt_lib_init_rand_1                     0x08005163   Thumb Code     0  libinit2.o(.ARM.Collect$$libinit$$0000000E)
    __rt_lib_init_return                     0x08005163   Thumb Code     0  libinit2.o(.ARM.Collect$$libinit$$00000033)
    __rt_lib_init_signal_1                   0x08005163   Thumb Code     0  libinit2.o(.ARM.Collect$$libinit$$0000001D)
    __rt_lib_init_stdio_1                    0x08005163   Thumb Code     0  libinit2.o(.ARM.Collect$$libinit$$00000025)
    __rt_lib_init_user_alloc_1               0x08005163   Thumb Code     0  libinit2.o(.ARM.Collect$$libinit$$0000000C)
    __rt_lib_shutdown                        0x08005165   Thumb Code     0  libshutdown.o(.ARM.Collect$$libshutdown$$00000000)
    __rt_lib_shutdown_cpp_1                  0x08005167   Thumb Code     0  libshutdown2.o(.ARM.Collect$$libshutdown$$00000002)
    __rt_lib_shutdown_fp_trap_1              0x08005167   Thumb Code     0  libshutdown2.o(.ARM.Collect$$libshutdown$$00000007)
    __rt_lib_shutdown_heap_1                 0x08005167   Thumb Code     0  libshutdown2.o(.ARM.Collect$$libshutdown$$0000000F)
    __rt_lib_shutdown_return                 0x08005167   Thumb Code     0  libshutdown2.o(.ARM.Collect$$libshutdown$$00000010)
    __rt_lib_shutdown_signal_1               0x08005167   Thumb Code     0  libshutdown2.o(.ARM.Collect$$libshutdown$$0000000A)
    __rt_lib_shutdown_stdio_1                0x08005167   Thumb Code     0  libshutdown2.o(.ARM.Collect$$libshutdown$$00000004)
    __rt_lib_shutdown_user_alloc_1           0x08005167   Thumb Code     0  libshutdown2.o(.ARM.Collect$$libshutdown$$0000000C)
    __rt_entry                               0x08005169   Thumb Code     0  __rtentry.o(.ARM.Collect$$rtentry$$00000000)
    __rt_entry_presh_1                       0x08005169   Thumb Code     0  __rtentry2.o(.ARM.Collect$$rtentry$$00000002)
    __rt_entry_sh                            0x08005169   Thumb Code     0  __rtentry4.o(.ARM.Collect$$rtentry$$00000004)
    __rt_entry_li                            0x0800516f   Thumb Code     0  __rtentry2.o(.ARM.Collect$$rtentry$$0000000A)
    __rt_entry_postsh_1                      0x0800516f   Thumb Code     0  __rtentry2.o(.ARM.Collect$$rtentry$$00000009)
    __rt_entry_main                          0x08005173   Thumb Code     0  __rtentry2.o(.ARM.Collect$$rtentry$$0000000D)
    __rt_entry_postli_1                      0x08005173   Thumb Code     0  __rtentry2.o(.ARM.Collect$$rtentry$$0000000C)
    __rt_exit                                0x0800517b   Thumb Code     0  rtexit.o(.ARM.Collect$$rtexit$$00000000)
    __rt_exit_ls                             0x0800517d   Thumb Code     0  rtexit2.o(.ARM.Collect$$rtexit$$00000003)
    __rt_exit_prels_1                        0x0800517d   Thumb Code     0  rtexit2.o(.ARM.Collect$$rtexit$$00000002)
    __rt_exit_exit                           0x08005181   Thumb Code     0  rtexit2.o(.ARM.Collect$$rtexit$$00000004)
    flash_write                              0x08005189   Thumb Code   178  main.o(.text)
    flash_read                               0x0800523b   Thumb Code    50  main.o(.text)
    SaveData                                 0x0800526d   Thumb Code   410  main.o(.text)
    SysInit                                  0x08005407   Thumb Code   202  main.o(.text)
    main                                     0x080054d1   Thumb Code    36  main.o(.text)
    SysTick_Handler                          0x080054f5   Thumb Code    20  main.o(.text)
    SystickInit                              0x08005531   Thumb Code    82  init.o(.text)
    SystemClockInit                          0x08005583   Thumb Code   112  init.o(.text)
    GPIOInit                                 0x080055f3   Thumb Code   122  init.o(.text)
    TIM2_SetDuty                             0x08005685   Thumb Code    66  led.o(.text)
    TIM2_ChannelCMD                          0x080056c7   Thumb Code    48  led.o(.text)
    TIM2Init                                 0x080056f7   Thumb Code   184  led.o(.text)
    LEDInit                                  0x080057af   Thumb Code    40  led.o(.text)
    LED_Flash                                0x080057d7   Thumb Code  1270  led.o(.text)
    I2CInit                                  0x08005ce1   Thumb Code   176  communication.o(.text)
    I2C2_EV_IRQHandler                       0x08005d91   Thumb Code   424  communication.o(.text)
    TIM_IC_Init                              0x08005f61   Thumb Code   310  movement.o(.text)
    ExtiInit                                 0x08006097   Thumb Code   296  movement.o(.text)
    EXTI0_IRQHandler                         0x080061bf   Thumb Code    76  movement.o(.text)
    EXTI1_IRQHandler                         0x0800620b   Thumb Code    76  movement.o(.text)
    EXTI9_5_IRQHandler                       0x08006257   Thumb Code   224  movement.o(.text)
    GetTimerCounterData                      0x08006337   Thumb Code     2  movement.o(.text)
    ClearCounterData                         0x08006339   Thumb Code    84  movement.o(.text)
    NVIC_PriorityGroupConfig                 0x080063a5   Thumb Code    10  misc.o(.text)
    NVIC_Init                                0x080063af   Thumb Code   100  misc.o(.text)
    NVIC_SetVectorTable                      0x08006413   Thumb Code    14  misc.o(.text)
    NVIC_SystemLPConfig                      0x08006421   Thumb Code    34  misc.o(.text)
    SysTick_CLKSourceConfig                  0x08006443   Thumb Code    40  misc.o(.text)
    EXTI_DeInit                              0x08006481   Thumb Code    28  stm32f10x_exti.o(.text)
    EXTI_Init                                0x0800649d   Thumb Code   142  stm32f10x_exti.o(.text)
    EXTI_StructInit                          0x0800652b   Thumb Code    16  stm32f10x_exti.o(.text)
    EXTI_GenerateSWInterrupt                 0x0800653b   Thumb Code    16  stm32f10x_exti.o(.text)
    EXTI_GetFlagStatus                       0x0800654b   Thumb Code    22  stm32f10x_exti.o(.text)
    EXTI_ClearFlag                           0x08006561   Thumb Code     8  stm32f10x_exti.o(.text)
    EXTI_GetITStatus                         0x08006569   Thumb Code    34  stm32f10x_exti.o(.text)
    EXTI_ClearITPendingBit                   0x0800658b   Thumb Code     8  stm32f10x_exti.o(.text)
    FLASH_SetLatency                         0x0800659d   Thumb Code    18  stm32f10x_flash.o(.text)
    FLASH_HalfCycleAccessCmd                 0x080065af   Thumb Code    22  stm32f10x_flash.o(.text)
    FLASH_PrefetchBufferCmd                  0x080065c5   Thumb Code    22  stm32f10x_flash.o(.text)
    FLASH_Unlock                             0x080065db   Thumb Code    12  stm32f10x_flash.o(.text)
    FLASH_UnlockBank1                        0x080065e7   Thumb Code    12  stm32f10x_flash.o(.text)
    FLASH_Lock                               0x080065f3   Thumb Code    14  stm32f10x_flash.o(.text)
    FLASH_LockBank1                          0x08006601   Thumb Code    14  stm32f10x_flash.o(.text)
    FLASH_GetBank1Status                     0x0800660f   Thumb Code    48  stm32f10x_flash.o(.text)
    FLASH_WaitForLastOperation               0x0800663f   Thumb Code    38  stm32f10x_flash.o(.text)
    FLASH_ErasePage                          0x08006665   Thumb Code    72  stm32f10x_flash.o(.text)
    FLASH_EraseAllPages                      0x080066ad   Thumb Code    68  stm32f10x_flash.o(.text)
    FLASH_WaitForLastBank1Operation          0x080066f1   Thumb Code    38  stm32f10x_flash.o(.text)
    FLASH_EraseAllBank1Pages                 0x08006717   Thumb Code    68  stm32f10x_flash.o(.text)
    FLASH_GetReadOutProtectionStatus         0x0800675b   Thumb Code    20  stm32f10x_flash.o(.text)
    FLASH_EraseOptionBytes                   0x0800676f   Thumb Code   150  stm32f10x_flash.o(.text)
    FLASH_ProgramWord                        0x08006805   Thumb Code   102  stm32f10x_flash.o(.text)
    FLASH_ProgramHalfWord                    0x0800686b   Thumb Code    60  stm32f10x_flash.o(.text)
    FLASH_ProgramOptionByteData              0x080068a7   Thumb Code    72  stm32f10x_flash.o(.text)
    FLASH_EnableWriteProtection              0x080068ef   Thumb Code   200  stm32f10x_flash.o(.text)
    FLASH_ReadOutProtection                  0x080069b7   Thumb Code   156  stm32f10x_flash.o(.text)
    FLASH_UserOptionByteConfig               0x08006a53   Thumb Code    88  stm32f10x_flash.o(.text)
    FLASH_GetUserOptionByte                  0x08006aab   Thumb Code     8  stm32f10x_flash.o(.text)
    FLASH_GetWriteProtectionOptionByte       0x08006ab3   Thumb Code     6  stm32f10x_flash.o(.text)
    FLASH_GetPrefetchBufferStatus            0x08006ab9   Thumb Code    20  stm32f10x_flash.o(.text)
    FLASH_ITConfig                           0x08006acd   Thumb Code    26  stm32f10x_flash.o(.text)
    FLASH_GetFlagStatus                      0x08006ae7   Thumb Code    42  stm32f10x_flash.o(.text)
    FLASH_ClearFlag                          0x08006b11   Thumb Code     6  stm32f10x_flash.o(.text)
    FLASH_GetStatus                          0x08006b17   Thumb Code    48  stm32f10x_flash.o(.text)
    GPIO_DeInit                              0x08006b59   Thumb Code   172  stm32f10x_gpio.o(.text)
    GPIO_AFIODeInit                          0x08006c05   Thumb Code    20  stm32f10x_gpio.o(.text)
    GPIO_Init                                0x08006c19   Thumb Code   278  stm32f10x_gpio.o(.text)
    GPIO_StructInit                          0x08006d2f   Thumb Code    16  stm32f10x_gpio.o(.text)
    GPIO_ReadInputDataBit                    0x08006d3f   Thumb Code    18  stm32f10x_gpio.o(.text)
    GPIO_ReadInputData                       0x08006d51   Thumb Code     8  stm32f10x_gpio.o(.text)
    GPIO_ReadOutputDataBit                   0x08006d59   Thumb Code    18  stm32f10x_gpio.o(.text)
    GPIO_ReadOutputData                      0x08006d6b   Thumb Code     8  stm32f10x_gpio.o(.text)
    GPIO_SetBits                             0x08006d73   Thumb Code     4  stm32f10x_gpio.o(.text)
    GPIO_ResetBits                           0x08006d77   Thumb Code     4  stm32f10x_gpio.o(.text)
    GPIO_WriteBit                            0x08006d7b   Thumb Code    10  stm32f10x_gpio.o(.text)
    GPIO_Write                               0x08006d85   Thumb Code     4  stm32f10x_gpio.o(.text)
    GPIO_PinLockConfig                       0x08006d89   Thumb Code    18  stm32f10x_gpio.o(.text)
    GPIO_EventOutputConfig                   0x08006d9b   Thumb Code    26  stm32f10x_gpio.o(.text)
    GPIO_EventOutputCmd                      0x08006db5   Thumb Code     6  stm32f10x_gpio.o(.text)
    GPIO_PinRemapConfig                      0x08006dbb   Thumb Code   138  stm32f10x_gpio.o(.text)
    GPIO_EXTILineConfig                      0x08006e45   Thumb Code    66  stm32f10x_gpio.o(.text)
    GPIO_ETH_MediaInterfaceConfig            0x08006e87   Thumb Code     8  stm32f10x_gpio.o(.text)
    I2C_DeInit                               0x08006eb5   Thumb Code    50  stm32f10x_i2c.o(.text)
    I2C_Init                                 0x08006ee7   Thumb Code   222  stm32f10x_i2c.o(.text)
    I2C_StructInit                           0x08006fc5   Thumb Code    30  stm32f10x_i2c.o(.text)
    I2C_Cmd                                  0x08006fe3   Thumb Code    24  stm32f10x_i2c.o(.text)
    I2C_DMACmd                               0x08006ffb   Thumb Code    24  stm32f10x_i2c.o(.text)
    I2C_DMALastTransferCmd                   0x08007013   Thumb Code    24  stm32f10x_i2c.o(.text)
    I2C_GenerateSTART                        0x0800702b   Thumb Code    24  stm32f10x_i2c.o(.text)
    I2C_GenerateSTOP                         0x08007043   Thumb Code    24  stm32f10x_i2c.o(.text)
    I2C_AcknowledgeConfig                    0x0800705b   Thumb Code    24  stm32f10x_i2c.o(.text)
    I2C_OwnAddress2Config                    0x08007073   Thumb Code    22  stm32f10x_i2c.o(.text)
    I2C_DualAddressCmd                       0x08007089   Thumb Code    24  stm32f10x_i2c.o(.text)
    I2C_GeneralCallCmd                       0x080070a1   Thumb Code    24  stm32f10x_i2c.o(.text)
    I2C_ITConfig                             0x080070b9   Thumb Code    18  stm32f10x_i2c.o(.text)
    I2C_SendData                             0x080070cb   Thumb Code     4  stm32f10x_i2c.o(.text)
    I2C_ReceiveData                          0x080070cf   Thumb Code     8  stm32f10x_i2c.o(.text)
    I2C_Send7bitAddress                      0x080070d7   Thumb Code    18  stm32f10x_i2c.o(.text)
    I2C_ReadRegister                         0x080070e9   Thumb Code    22  stm32f10x_i2c.o(.text)
    I2C_SoftwareResetCmd                     0x080070ff   Thumb Code    22  stm32f10x_i2c.o(.text)
    I2C_NACKPositionConfig                   0x08007115   Thumb Code    28  stm32f10x_i2c.o(.text)
    I2C_SMBusAlertConfig                     0x08007131   Thumb Code    28  stm32f10x_i2c.o(.text)
    I2C_TransmitPEC                          0x0800714d   Thumb Code    24  stm32f10x_i2c.o(.text)
    I2C_PECPositionConfig                    0x08007165   Thumb Code    28  stm32f10x_i2c.o(.text)
    I2C_CalculatePEC                         0x08007181   Thumb Code    24  stm32f10x_i2c.o(.text)
    I2C_GetPEC                               0x08007199   Thumb Code     8  stm32f10x_i2c.o(.text)
    I2C_ARPCmd                               0x080071a1   Thumb Code    24  stm32f10x_i2c.o(.text)
    I2C_StretchClockCmd                      0x080071b9   Thumb Code    24  stm32f10x_i2c.o(.text)
    I2C_FastModeDutyCycleConfig              0x080071d1   Thumb Code    28  stm32f10x_i2c.o(.text)
    I2C_CheckEvent                           0x080071ed   Thumb Code    42  stm32f10x_i2c.o(.text)
    I2C_GetLastEvent                         0x08007217   Thumb Code    26  stm32f10x_i2c.o(.text)
    I2C_GetFlagStatus                        0x08007231   Thumb Code    58  stm32f10x_i2c.o(.text)
    I2C_ClearFlag                            0x0800726b   Thumb Code    12  stm32f10x_i2c.o(.text)
    I2C_GetITStatus                          0x08007277   Thumb Code    54  stm32f10x_i2c.o(.text)
    I2C_ClearITPendingBit                    0x080072ad   Thumb Code    12  stm32f10x_i2c.o(.text)
    RCC_DeInit                               0x080072b9   Thumb Code    64  stm32f10x_rcc.o(.text)
    RCC_HSEConfig                            0x080072f9   Thumb Code    70  stm32f10x_rcc.o(.text)
    RCC_GetFlagStatus                        0x0800733f   Thumb Code    56  stm32f10x_rcc.o(.text)
    RCC_WaitForHSEStartUp                    0x08007377   Thumb Code    56  stm32f10x_rcc.o(.text)
    RCC_AdjustHSICalibrationValue            0x080073af   Thumb Code    20  stm32f10x_rcc.o(.text)
    RCC_HSICmd                               0x080073c3   Thumb Code     6  stm32f10x_rcc.o(.text)
    RCC_PLLConfig                            0x080073c9   Thumb Code    24  stm32f10x_rcc.o(.text)
    RCC_PLLCmd                               0x080073e1   Thumb Code     6  stm32f10x_rcc.o(.text)
    RCC_SYSCLKConfig                         0x080073e7   Thumb Code    18  stm32f10x_rcc.o(.text)
    RCC_GetSYSCLKSource                      0x080073f9   Thumb Code    10  stm32f10x_rcc.o(.text)
    RCC_HCLKConfig                           0x08007403   Thumb Code    18  stm32f10x_rcc.o(.text)
    RCC_PCLK1Config                          0x08007415   Thumb Code    18  stm32f10x_rcc.o(.text)
    RCC_PCLK2Config                          0x08007427   Thumb Code    20  stm32f10x_rcc.o(.text)
    RCC_ITConfig                             0x0800743b   Thumb Code    26  stm32f10x_rcc.o(.text)
    RCC_USBCLKConfig                         0x08007455   Thumb Code     8  stm32f10x_rcc.o(.text)
    RCC_ADCCLKConfig                         0x0800745d   Thumb Code    18  stm32f10x_rcc.o(.text)
    RCC_LSEConfig                            0x0800746f   Thumb Code    50  stm32f10x_rcc.o(.text)
    RCC_LSICmd                               0x080074a1   Thumb Code     6  stm32f10x_rcc.o(.text)
    RCC_RTCCLKConfig                         0x080074a7   Thumb Code    12  stm32f10x_rcc.o(.text)
    RCC_RTCCLKCmd                            0x080074b3   Thumb Code     8  stm32f10x_rcc.o(.text)
    RCC_GetClocksFreq                        0x080074bb   Thumb Code   192  stm32f10x_rcc.o(.text)
    RCC_AHBPeriphClockCmd                    0x0800757b   Thumb Code    26  stm32f10x_rcc.o(.text)
    RCC_APB2PeriphClockCmd                   0x08007595   Thumb Code    26  stm32f10x_rcc.o(.text)
    RCC_APB1PeriphClockCmd                   0x080075af   Thumb Code    26  stm32f10x_rcc.o(.text)
    RCC_APB2PeriphResetCmd                   0x080075c9   Thumb Code    26  stm32f10x_rcc.o(.text)
    RCC_APB1PeriphResetCmd                   0x080075e3   Thumb Code    26  stm32f10x_rcc.o(.text)
    RCC_BackupResetCmd                       0x080075fd   Thumb Code     8  stm32f10x_rcc.o(.text)
    RCC_ClockSecuritySystemCmd               0x08007605   Thumb Code     6  stm32f10x_rcc.o(.text)
    RCC_MCOConfig                            0x0800760b   Thumb Code     6  stm32f10x_rcc.o(.text)
    RCC_ClearFlag                            0x08007611   Thumb Code    14  stm32f10x_rcc.o(.text)
    RCC_GetITStatus                          0x0800761f   Thumb Code    20  stm32f10x_rcc.o(.text)
    RCC_ClearITPendingBit                    0x08007633   Thumb Code     6  stm32f10x_rcc.o(.text)
    TIM_DeInit                               0x0800765d   Thumb Code   424  stm32f10x_tim.o(.text)
    TIM_TimeBaseInit                         0x08007805   Thumb Code   122  stm32f10x_tim.o(.text)
    TIM_OC1Init                              0x0800787f   Thumb Code   132  stm32f10x_tim.o(.text)
    TIM_OC2Init                              0x08007903   Thumb Code   154  stm32f10x_tim.o(.text)
    TIM_OC3Init                              0x0800799d   Thumb Code   150  stm32f10x_tim.o(.text)
    TIM_OC4Init                              0x08007a33   Thumb Code   182  stm32f10x_tim.o(.text)
    TIM_SetIC4Prescaler                      0x08007ae9   Thumb Code    26  stm32f10x_tim.o(.text)
    TIM_SetIC3Prescaler                      0x08007b85   Thumb Code    18  stm32f10x_tim.o(.text)
    TIM_SetIC2Prescaler                      0x08007c11   Thumb Code    26  stm32f10x_tim.o(.text)
    TIM_SetIC1Prescaler                      0x08007cad   Thumb Code    18  stm32f10x_tim.o(.text)
    TIM_ICInit                               0x08007d2b   Thumb Code   150  stm32f10x_tim.o(.text)
    TIM_PWMIConfig                           0x08007dc1   Thumb Code   124  stm32f10x_tim.o(.text)
    TIM_BDTRConfig                           0x08007e3d   Thumb Code    32  stm32f10x_tim.o(.text)
    TIM_TimeBaseStructInit                   0x08007e5d   Thumb Code    18  stm32f10x_tim.o(.text)
    TIM_OCStructInit                         0x08007e6f   Thumb Code    20  stm32f10x_tim.o(.text)
    TIM_ICStructInit                         0x08007e83   Thumb Code    18  stm32f10x_tim.o(.text)
    TIM_BDTRStructInit                       0x08007e95   Thumb Code    40  stm32f10x_tim.o(.text)
    TIM_Cmd                                  0x08007ebd   Thumb Code    24  stm32f10x_tim.o(.text)
    TIM_CtrlPWMOutputs                       0x08007ed5   Thumb Code    30  stm32f10x_tim.o(.text)
    TIM_ITConfig                             0x08007ef3   Thumb Code    18  stm32f10x_tim.o(.text)
    TIM_GenerateEvent                        0x08007f05   Thumb Code     4  stm32f10x_tim.o(.text)
    TIM_DMAConfig                            0x08007f09   Thumb Code    10  stm32f10x_tim.o(.text)
    TIM_DMACmd                               0x08007f13   Thumb Code    18  stm32f10x_tim.o(.text)
    TIM_InternalClockConfig                  0x08007f25   Thumb Code    12  stm32f10x_tim.o(.text)
    TIM_SelectInputTrigger                   0x08007f31   Thumb Code    18  stm32f10x_tim.o(.text)
    TIM_ITRxExternalClockConfig              0x08007f43   Thumb Code    24  stm32f10x_tim.o(.text)
    TIM_TIxExternalClockConfig               0x08007f5b   Thumb Code    62  stm32f10x_tim.o(.text)
    TIM_ETRConfig                            0x08007f99   Thumb Code    28  stm32f10x_tim.o(.text)
    TIM_ETRClockMode1Config                  0x08007fb5   Thumb Code    54  stm32f10x_tim.o(.text)
    TIM_ETRClockMode2Config                  0x08007feb   Thumb Code    32  stm32f10x_tim.o(.text)
    TIM_PrescalerConfig                      0x0800800b   Thumb Code     6  stm32f10x_tim.o(.text)
    TIM_CounterModeConfig                    0x08008011   Thumb Code    18  stm32f10x_tim.o(.text)
    TIM_EncoderInterfaceConfig               0x08008023   Thumb Code    66  stm32f10x_tim.o(.text)
    TIM_ForcedOC1Config                      0x08008065   Thumb Code    18  stm32f10x_tim.o(.text)
    TIM_ForcedOC2Config                      0x08008077   Thumb Code    26  stm32f10x_tim.o(.text)
    TIM_ForcedOC3Config                      0x08008091   Thumb Code    18  stm32f10x_tim.o(.text)
    TIM_ForcedOC4Config                      0x080080a3   Thumb Code    26  stm32f10x_tim.o(.text)
    TIM_ARRPreloadConfig                     0x080080bd   Thumb Code    24  stm32f10x_tim.o(.text)
    TIM_SelectCOM                            0x080080d5   Thumb Code    24  stm32f10x_tim.o(.text)
    TIM_SelectCCDMA                          0x080080ed   Thumb Code    24  stm32f10x_tim.o(.text)
    TIM_CCPreloadControl                     0x08008105   Thumb Code    24  stm32f10x_tim.o(.text)
    TIM_OC1PreloadConfig                     0x0800811d   Thumb Code    18  stm32f10x_tim.o(.text)
    TIM_OC2PreloadConfig                     0x0800812f   Thumb Code    26  stm32f10x_tim.o(.text)
    TIM_OC3PreloadConfig                     0x08008149   Thumb Code    18  stm32f10x_tim.o(.text)
    TIM_OC4PreloadConfig                     0x0800815b   Thumb Code    26  stm32f10x_tim.o(.text)
    TIM_OC1FastConfig                        0x08008175   Thumb Code    18  stm32f10x_tim.o(.text)
    TIM_OC2FastConfig                        0x08008187   Thumb Code    26  stm32f10x_tim.o(.text)
    TIM_OC3FastConfig                        0x080081a1   Thumb Code    18  stm32f10x_tim.o(.text)
    TIM_OC4FastConfig                        0x080081b3   Thumb Code    26  stm32f10x_tim.o(.text)
    TIM_ClearOC1Ref                          0x080081cd   Thumb Code    18  stm32f10x_tim.o(.text)
    TIM_ClearOC2Ref                          0x080081df   Thumb Code    24  stm32f10x_tim.o(.text)
    TIM_ClearOC3Ref                          0x080081f7   Thumb Code    18  stm32f10x_tim.o(.text)
    TIM_ClearOC4Ref                          0x08008209   Thumb Code    24  stm32f10x_tim.o(.text)
    TIM_OC1PolarityConfig                    0x08008221   Thumb Code    18  stm32f10x_tim.o(.text)
    TIM_OC1NPolarityConfig                   0x08008233   Thumb Code    18  stm32f10x_tim.o(.text)
    TIM_OC2PolarityConfig                    0x08008245   Thumb Code    26  stm32f10x_tim.o(.text)
    TIM_OC2NPolarityConfig                   0x0800825f   Thumb Code    26  stm32f10x_tim.o(.text)
    TIM_OC3PolarityConfig                    0x08008279   Thumb Code    26  stm32f10x_tim.o(.text)
    TIM_OC3NPolarityConfig                   0x08008293   Thumb Code    26  stm32f10x_tim.o(.text)
    TIM_OC4PolarityConfig                    0x080082ad   Thumb Code    26  stm32f10x_tim.o(.text)
    TIM_CCxCmd                               0x080082c7   Thumb Code    30  stm32f10x_tim.o(.text)
    TIM_CCxNCmd                              0x080082e5   Thumb Code    30  stm32f10x_tim.o(.text)
    TIM_SelectOCxM                           0x08008303   Thumb Code    82  stm32f10x_tim.o(.text)
    TIM_UpdateDisableConfig                  0x08008355   Thumb Code    24  stm32f10x_tim.o(.text)
    TIM_UpdateRequestConfig                  0x0800836d   Thumb Code    24  stm32f10x_tim.o(.text)
    TIM_SelectHallSensor                     0x08008385   Thumb Code    24  stm32f10x_tim.o(.text)
    TIM_SelectOnePulseMode                   0x0800839d   Thumb Code    18  stm32f10x_tim.o(.text)
    TIM_SelectOutputTrigger                  0x080083af   Thumb Code    18  stm32f10x_tim.o(.text)
    TIM_SelectSlaveMode                      0x080083c1   Thumb Code    18  stm32f10x_tim.o(.text)
    TIM_SelectMasterSlaveMode                0x080083d3   Thumb Code    18  stm32f10x_tim.o(.text)
    TIM_SetCounter                           0x080083e5   Thumb Code     4  stm32f10x_tim.o(.text)
    TIM_SetAutoreload                        0x080083e9   Thumb Code     4  stm32f10x_tim.o(.text)
    TIM_SetCompare1                          0x080083ed   Thumb Code     4  stm32f10x_tim.o(.text)
    TIM_SetCompare2                          0x080083f1   Thumb Code     4  stm32f10x_tim.o(.text)
    TIM_SetCompare3                          0x080083f5   Thumb Code     4  stm32f10x_tim.o(.text)
    TIM_SetCompare4                          0x080083f9   Thumb Code     6  stm32f10x_tim.o(.text)
    TIM_SetClockDivision                     0x080083ff   Thumb Code    18  stm32f10x_tim.o(.text)
    TIM_GetCapture1                          0x08008411   Thumb Code     6  stm32f10x_tim.o(.text)
    TIM_GetCapture2                          0x08008417   Thumb Code     6  stm32f10x_tim.o(.text)
    TIM_GetCapture3                          0x0800841d   Thumb Code     6  stm32f10x_tim.o(.text)
    TIM_GetCapture4                          0x08008423   Thumb Code     8  stm32f10x_tim.o(.text)
    TIM_GetCounter                           0x0800842b   Thumb Code     6  stm32f10x_tim.o(.text)
    TIM_GetPrescaler                         0x08008431   Thumb Code     6  stm32f10x_tim.o(.text)
    TIM_GetFlagStatus                        0x08008437   Thumb Code    18  stm32f10x_tim.o(.text)
    TIM_ClearFlag                            0x08008449   Thumb Code     6  stm32f10x_tim.o(.text)
    TIM_GetITStatus                          0x0800844f   Thumb Code    34  stm32f10x_tim.o(.text)
    TIM_ClearITPendingBit                    0x08008471   Thumb Code     6  stm32f10x_tim.o(.text)
    Reset_Handler                            0x08008479   Thumb Code     8  startup_stm32f10x_md.o(.text)
    NMI_Handler                              0x08008481   Thumb Code     2  startup_stm32f10x_md.o(.text)
    HardFault_Handler                        0x08008483   Thumb Code     2  startup_stm32f10x_md.o(.text)
    MemManage_Handler                        0x08008485   Thumb Code     2  startup_stm32f10x_md.o(.text)
    BusFault_Handler                         0x08008487   Thumb Code     2  startup_stm32f10x_md.o(.text)
    UsageFault_Handler                       0x08008489   Thumb Code     2  startup_stm32f10x_md.o(.text)
    SVC_Handler                              0x0800848b   Thumb Code     2  startup_stm32f10x_md.o(.text)
    DebugMon_Handler                         0x0800848d   Thumb Code     2  startup_stm32f10x_md.o(.text)
    PendSV_Handler                           0x0800848f   Thumb Code     2  startup_stm32f10x_md.o(.text)
    ADC1_2_IRQHandler                        0x08008493   Thumb Code     0  startup_stm32f10x_md.o(.text)
    CAN1_RX1_IRQHandler                      0x08008493   Thumb Code     0  startup_stm32f10x_md.o(.text)
    CAN1_SCE_IRQHandler                      0x08008493   Thumb Code     0  startup_stm32f10x_md.o(.text)
    DMA1_Channel1_IRQHandler                 0x08008493   Thumb Code     0  startup_stm32f10x_md.o(.text)
    DMA1_Channel2_IRQHandler                 0x08008493   Thumb Code     0  startup_stm32f10x_md.o(.text)
    DMA1_Channel3_IRQHandler                 0x08008493   Thumb Code     0  startup_stm32f10x_md.o(.text)
    DMA1_Channel4_IRQHandler                 0x08008493   Thumb Code     0  startup_stm32f10x_md.o(.text)
    DMA1_Channel5_IRQHandler                 0x08008493   Thumb Code     0  startup_stm32f10x_md.o(.text)
    DMA1_Channel6_IRQHandler                 0x08008493   Thumb Code     0  startup_stm32f10x_md.o(.text)
    DMA1_Channel7_IRQHandler                 0x08008493   Thumb Code     0  startup_stm32f10x_md.o(.text)
    EXTI15_10_IRQHandler                     0x08008493   Thumb Code     0  startup_stm32f10x_md.o(.text)
    EXTI2_IRQHandler                         0x08008493   Thumb Code     0  startup_stm32f10x_md.o(.text)
    EXTI3_IRQHandler                         0x08008493   Thumb Code     0  startup_stm32f10x_md.o(.text)
    EXTI4_IRQHandler                         0x08008493   Thumb Code     0  startup_stm32f10x_md.o(.text)
    FLASH_IRQHandler                         0x08008493   Thumb Code     0  startup_stm32f10x_md.o(.text)
    I2C1_ER_IRQHandler                       0x08008493   Thumb Code     0  startup_stm32f10x_md.o(.text)
    I2C1_EV_IRQHandler                       0x08008493   Thumb Code     0  startup_stm32f10x_md.o(.text)
    I2C2_ER_IRQHandler                       0x08008493   Thumb Code     0  startup_stm32f10x_md.o(.text)
    PVD_IRQHandler                           0x08008493   Thumb Code     0  startup_stm32f10x_md.o(.text)
    RCC_IRQHandler                           0x08008493   Thumb Code     0  startup_stm32f10x_md.o(.text)
    RTCAlarm_IRQHandler                      0x08008493   Thumb Code     0  startup_stm32f10x_md.o(.text)
    RTC_IRQHandler                           0x08008493   Thumb Code     0  startup_stm32f10x_md.o(.text)
    SPI1_IRQHandler                          0x08008493   Thumb Code     0  startup_stm32f10x_md.o(.text)
    SPI2_IRQHandler                          0x08008493   Thumb Code     0  startup_stm32f10x_md.o(.text)
    TAMPER_IRQHandler                        0x08008493   Thumb Code     0  startup_stm32f10x_md.o(.text)
    TIM1_BRK_IRQHandler                      0x08008493   Thumb Code     0  startup_stm32f10x_md.o(.text)
    TIM1_CC_IRQHandler                       0x08008493   Thumb Code     0  startup_stm32f10x_md.o(.text)
    TIM1_TRG_COM_IRQHandler                  0x08008493   Thumb Code     0  startup_stm32f10x_md.o(.text)
    TIM1_UP_IRQHandler                       0x08008493   Thumb Code     0  startup_stm32f10x_md.o(.text)
    TIM2_IRQHandler                          0x08008493   Thumb Code     0  startup_stm32f10x_md.o(.text)
    TIM3_IRQHandler                          0x08008493   Thumb Code     0  startup_stm32f10x_md.o(.text)
    TIM4_IRQHandler                          0x08008493   Thumb Code     0  startup_stm32f10x_md.o(.text)
    USART1_IRQHandler                        0x08008493   Thumb Code     0  startup_stm32f10x_md.o(.text)
    USART2_IRQHandler                        0x08008493   Thumb Code     0  startup_stm32f10x_md.o(.text)
    USART3_IRQHandler                        0x08008493   Thumb Code     0  startup_stm32f10x_md.o(.text)
    USBWakeUp_IRQHandler                     0x08008493   Thumb Code     0  startup_stm32f10x_md.o(.text)
    USB_HP_CAN1_TX_IRQHandler                0x08008493   Thumb Code     0  startup_stm32f10x_md.o(.text)
    USB_LP_CAN1_RX0_IRQHandler               0x08008493   Thumb Code     0  startup_stm32f10x_md.o(.text)
    WWDG_IRQHandler                          0x08008493   Thumb Code     0  startup_stm32f10x_md.o(.text)
    __user_initial_stackheap                 0x08008495   Thumb Code     0  startup_stm32f10x_md.o(.text)
    SystemInit                               0x08008597   Thumb Code    78  system_stm32f10x.o(.text)
    SystemCoreClockUpdate                    0x080085e5   Thumb Code   142  system_stm32f10x.o(.text)
    __aeabi_memcpy                           0x08008699   Thumb Code     0  rt_memcpy_v6.o(.text)
    __rt_memcpy                              0x08008699   Thumb Code   138  rt_memcpy_v6.o(.text)
    _memcpy_lastbytes                        0x080086ff   Thumb Code     0  rt_memcpy_v6.o(.text)
    __aeabi_memclr                           0x08008723   Thumb Code     0  rt_memclr.o(.text)
    __rt_memclr                              0x08008723   Thumb Code    68  rt_memclr.o(.text)
    _memset                                  0x08008727   Thumb Code     0  rt_memclr.o(.text)
    __use_two_region_memory                  0x08008767   Thumb Code     2  heapauxi.o(.text)
    __rt_heap_escrow$2region                 0x08008769   Thumb Code     2  heapauxi.o(.text)
    __rt_heap_expand$2region                 0x0800876b   Thumb Code     2  heapauxi.o(.text)
    __aeabi_memcpy4                          0x0800876d   Thumb Code     0  rt_memcpy_w.o(.text)
    __aeabi_memcpy8                          0x0800876d   Thumb Code     0  rt_memcpy_w.o(.text)
    __rt_memcpy_w                            0x0800876d   Thumb Code   100  rt_memcpy_w.o(.text)
    _memcpy_lastbytes_aligned                0x080087b5   Thumb Code     0  rt_memcpy_w.o(.text)
    __aeabi_memclr4                          0x080087d1   Thumb Code     0  rt_memclr_w.o(.text)
    __aeabi_memclr8                          0x080087d1   Thumb Code     0  rt_memclr_w.o(.text)
    __rt_memclr_w                            0x080087d1   Thumb Code    78  rt_memclr_w.o(.text)
    _memset_w                                0x080087d5   Thumb Code     0  rt_memclr_w.o(.text)
    __user_setup_stackheap                   0x0800881f   Thumb Code    74  sys_stackheap_outer.o(.text)
    exit                                     0x08008869   Thumb Code    18  exit.o(.text)
    __user_libspace                          0x0800887d   Thumb Code     8  libspace.o(.text)
    __user_perproc_libspace                  0x0800887d   Thumb Code     0  libspace.o(.text)
    __user_perthread_libspace                0x0800887d   Thumb Code     0  libspace.o(.text)
    _sys_exit                                0x08008885   Thumb Code     8  sys_exit.o(.text)
    __I$use$semihosting                      0x08008891   Thumb Code     0  use_no_semi.o(.text)
    __use_no_semihosting_swi                 0x08008891   Thumb Code     2  use_no_semi.o(.text)
    __semihosting_library_function           0x08008893   Thumb Code     0  indicate_semi.o(.text)
    Region$$Table$$Base                      0x08008894   Number         0  anon$$obj.o(Region$$Table)
    Region$$Table$$Limit                     0x080088b4   Number         0  anon$$obj.o(Region$$Table)
    DeConfigValue                            0x20000000   Data          16  main.o(.data)
    IsDataNew                                0x20000010   Data           1  main.o(.data)
    localtime                                0x20000018   Data           8  main.o(.data)
    Tim2_fre                                 0x20000020   Data           4  led.o(.data)
    SystemCoreClock                          0x2000005c   Data           4  system_stm32f10x.o(.data)
    AHBPrescTable                            0x20000060   Data          16  system_stm32f10x.o(.data)
    Config                                   0x20000070   Data          16  main.o(.bss)
    PramReg                                  0x20000080   Data          19  main.o(.bss)
    I2C_Communication                        0x20000093   Data          35  communication.o(.bss)
    __libspace_start                         0x200000b8   Data          96  libspace.o(.bss)
    __temporary_stack_top$libspace           0x20000118   Data           0  libspace.o(.bss)



==============================================================================

Memory Map of the image

  Image Entry point : 0x080050ed

  Load Region LR_IROM1 (Base: 0x08005000, Size: 0x00003924, Max: 0x0000b000, ABSOLUTE)

    Execution Region ER_IROM1 (Base: 0x08005000, Size: 0x000038b4, Max: 0x0000b000, ABSOLUTE)

    Base Addr    Size         Type   Attr      Idx    E Section Name        Object

    0x08005000   0x000000ec   Data   RO          398    RESET               startup_stm32f10x_md.o
    0x080050ec   0x00000008   Code   RO          441  * !!!main             c_w.l(__main.o)
    0x080050f4   0x00000034   Code   RO          602    !!!scatter          c_w.l(__scatter.o)
    0x08005128   0x0000001a   Code   RO          604    !!handler_copy      c_w.l(__scatter_copy.o)
    0x08005142   0x00000002   PAD
    0x08005144   0x0000001c   Code   RO          606    !!handler_zi        c_w.l(__scatter_zi.o)
    0x08005160   0x00000002   Code   RO          472    .ARM.Collect$$libinit$$00000000  c_w.l(libinit.o)
    0x08005162   0x00000000   Code   RO          479    .ARM.Collect$$libinit$$00000002  c_w.l(libinit2.o)
    0x08005162   0x00000000   Code   RO          481    .ARM.Collect$$libinit$$00000004  c_w.l(libinit2.o)
    0x08005162   0x00000000   Code   RO          484    .ARM.Collect$$libinit$$0000000A  c_w.l(libinit2.o)
    0x08005162   0x00000000   Code   RO          486    .ARM.Collect$$libinit$$0000000C  c_w.l(libinit2.o)
    0x08005162   0x00000000   Code   RO          488    .ARM.Collect$$libinit$$0000000E  c_w.l(libinit2.o)
    0x08005162   0x00000000   Code   RO          491    .ARM.Collect$$libinit$$00000011  c_w.l(libinit2.o)
    0x08005162   0x00000000   Code   RO          493    .ARM.Collect$$libinit$$00000013  c_w.l(libinit2.o)
    0x08005162   0x00000000   Code   RO          495    .ARM.Collect$$libinit$$00000015  c_w.l(libinit2.o)
    0x08005162   0x00000000   Code   RO          497    .ARM.Collect$$libinit$$00000017  c_w.l(libinit2.o)
    0x08005162   0x00000000   Code   RO          499    .ARM.Collect$$libinit$$00000019  c_w.l(libinit2.o)
    0x08005162   0x00000000   Code   RO          501    .ARM.Collect$$libinit$$0000001B  c_w.l(libinit2.o)
    0x08005162   0x00000000   Code   RO          503    .ARM.Collect$$libinit$$0000001D  c_w.l(libinit2.o)
    0x08005162   0x00000000   Code   RO          505    .ARM.Collect$$libinit$$0000001F  c_w.l(libinit2.o)
    0x08005162   0x00000000   Code   RO          507    .ARM.Collect$$libinit$$00000021  c_w.l(libinit2.o)
    0x08005162   0x00000000   Code   RO          509    .ARM.Collect$$libinit$$00000023  c_w.l(libinit2.o)
    0x08005162   0x00000000   Code   RO          511    .ARM.Collect$$libinit$$00000025  c_w.l(libinit2.o)
    0x08005162   0x00000000   Code   RO          515    .ARM.Collect$$libinit$$0000002C  c_w.l(libinit2.o)
    0x08005162   0x00000000   Code   RO          517    .ARM.Collect$$libinit$$0000002E  c_w.l(libinit2.o)
    0x08005162   0x00000000   Code   RO          519    .ARM.Collect$$libinit$$00000030  c_w.l(libinit2.o)
    0x08005162   0x00000000   Code   RO          521    .ARM.Collect$$libinit$$00000032  c_w.l(libinit2.o)
    0x08005162   0x00000002   Code   RO          522    .ARM.Collect$$libinit$$00000033  c_w.l(libinit2.o)
    0x08005164   0x00000002   Code   RO          542    .ARM.Collect$$libshutdown$$00000000  c_w.l(libshutdown.o)
    0x08005166   0x00000000   Code   RO          555    .ARM.Collect$$libshutdown$$00000002  c_w.l(libshutdown2.o)
    0x08005166   0x00000000   Code   RO          557    .ARM.Collect$$libshutdown$$00000004  c_w.l(libshutdown2.o)
    0x08005166   0x00000000   Code   RO          560    .ARM.Collect$$libshutdown$$00000007  c_w.l(libshutdown2.o)
    0x08005166   0x00000000   Code   RO          563    .ARM.Collect$$libshutdown$$0000000A  c_w.l(libshutdown2.o)
    0x08005166   0x00000000   Code   RO          565    .ARM.Collect$$libshutdown$$0000000C  c_w.l(libshutdown2.o)
    0x08005166   0x00000000   Code   RO          568    .ARM.Collect$$libshutdown$$0000000F  c_w.l(libshutdown2.o)
    0x08005166   0x00000002   Code   RO          569    .ARM.Collect$$libshutdown$$00000010  c_w.l(libshutdown2.o)
    0x08005168   0x00000000   Code   RO          443    .ARM.Collect$$rtentry$$00000000  c_w.l(__rtentry.o)
    0x08005168   0x00000000   Code   RO          449    .ARM.Collect$$rtentry$$00000002  c_w.l(__rtentry2.o)
    0x08005168   0x00000006   Code   RO          461    .ARM.Collect$$rtentry$$00000004  c_w.l(__rtentry4.o)
    0x0800516e   0x00000000   Code   RO          451    .ARM.Collect$$rtentry$$00000009  c_w.l(__rtentry2.o)
    0x0800516e   0x00000004   Code   RO          452    .ARM.Collect$$rtentry$$0000000A  c_w.l(__rtentry2.o)
    0x08005172   0x00000000   Code   RO          454    .ARM.Collect$$rtentry$$0000000C  c_w.l(__rtentry2.o)
    0x08005172   0x00000008   Code   RO          455    .ARM.Collect$$rtentry$$0000000D  c_w.l(__rtentry2.o)
    0x0800517a   0x00000002   Code   RO          476    .ARM.Collect$$rtexit$$00000000  c_w.l(rtexit.o)
    0x0800517c   0x00000000   Code   RO          524    .ARM.Collect$$rtexit$$00000002  c_w.l(rtexit2.o)
    0x0800517c   0x00000004   Code   RO          525    .ARM.Collect$$rtexit$$00000003  c_w.l(rtexit2.o)
    0x08005180   0x00000006   Code   RO          526    .ARM.Collect$$rtexit$$00000004  c_w.l(rtexit2.o)
    0x08005186   0x00000002   PAD
    0x08005188   0x000003a8   Code   RO            4    .text               main.o
    0x08005530   0x00000154   Code   RO          106    .text               init.o
    0x08005684   0x0000065c   Code   RO          141    .text               led.o
    0x08005ce0   0x00000280   Code   RO          172    .text               communication.o
    0x08005f60   0x00000442   Code   RO          204    .text               movement.o
    0x080063a2   0x00000002   PAD
    0x080063a4   0x000000dc   Code   RO          229    .text               misc.o
    0x08006480   0x0000011c   Code   RO          253    .text               stm32f10x_exti.o
    0x0800659c   0x000005bc   Code   RO          277    .text               stm32f10x_flash.o
    0x08006b58   0x0000035c   Code   RO          301    .text               stm32f10x_gpio.o
    0x08006eb4   0x00000404   Code   RO          325    .text               stm32f10x_i2c.o
    0x080072b8   0x000003a4   Code   RO          349    .text               stm32f10x_rcc.o
    0x0800765c   0x00000e1a   Code   RO          375    .text               stm32f10x_tim.o
    0x08008476   0x00000002   PAD
    0x08008478   0x00000040   Code   RO          399    .text               startup_stm32f10x_md.o
    0x080084b8   0x000001e0   Code   RO          406    .text               system_stm32f10x.o
    0x08008698   0x0000008a   Code   RO          435    .text               c_w.l(rt_memcpy_v6.o)
    0x08008722   0x00000044   Code   RO          437    .text               c_w.l(rt_memclr.o)
    0x08008766   0x00000006   Code   RO          439    .text               c_w.l(heapauxi.o)
    0x0800876c   0x00000064   Code   RO          444    .text               c_w.l(rt_memcpy_w.o)
    0x080087d0   0x0000004e   Code   RO          446    .text               c_w.l(rt_memclr_w.o)
    0x0800881e   0x0000004a   Code   RO          463    .text               c_w.l(sys_stackheap_outer.o)
    0x08008868   0x00000012   Code   RO          465    .text               c_w.l(exit.o)
    0x0800887a   0x00000002   PAD
    0x0800887c   0x00000008   Code   RO          473    .text               c_w.l(libspace.o)
    0x08008884   0x0000000c   Code   RO          534    .text               c_w.l(sys_exit.o)
    0x08008890   0x00000002   Code   RO          545    .text               c_w.l(use_no_semi.o)
    0x08008892   0x00000000   Code   RO          547    .text               c_w.l(indicate_semi.o)
    0x08008892   0x00000002   PAD
    0x08008894   0x00000020   Data   RO          600    Region$$Table       anon$$obj.o


    Execution Region RW_IRAM1 (Base: 0x20000000, Size: 0x00000718, Max: 0x00005000, ABSOLUTE)

    Base Addr    Size         Type   Attr      Idx    E Section Name        Object

    0x20000000   0x00000020   Data   RW            6    .data               main.o
    0x20000020   0x00000018   Data   RW          142    .data               led.o
    0x20000038   0x00000001   Data   RW          174    .data               communication.o
    0x20000039   0x00000007   PAD
    0x20000040   0x00000008   Data   RW          205    .data               movement.o
    0x20000048   0x00000014   Data   RW          350    .data               stm32f10x_rcc.o
    0x2000005c   0x00000014   Data   RW          407    .data               system_stm32f10x.o
    0x20000070   0x00000023   Zero   RW            5    .bss                main.o
    0x20000093   0x00000023   Zero   RW          173    .bss                communication.o
    0x200000b6   0x00000002   PAD
    0x200000b8   0x00000060   Zero   RW          474    .bss                c_w.l(libspace.o)
    0x20000118   0x00000200   Zero   RW          397    HEAP                startup_stm32f10x_md.o
    0x20000318   0x00000400   Zero   RW          396    STACK               startup_stm32f10x_md.o


==============================================================================

Image component sizes


      Code (inc. data)   RO Data    RW Data    ZI Data      Debug   Object Name

       640         40          0          1         35      24044   communication.o
       340         24          0          0          0      23714   init.o
      1628         72          0         24          0       2169   led.o
       936         40          0         32         35     292853   main.o
       220         22          0          0          0       1901   misc.o
      1090         32          0          8          0       2497   movement.o
        64         26        236          0       1536        880   startup_stm32f10x_md.o
       284         10          0          0          0       2363   stm32f10x_exti.o
      1468         34          0          0          0       8314   stm32f10x_flash.o
       860         38          0          0          0       5841   stm32f10x_gpio.o
      1028         16          0          0          0       9331   stm32f10x_i2c.o
       932         36          0         20          0       9000   stm32f10x_rcc.o
      3610         88          0          0          0      22948   stm32f10x_tim.o
       480         38          0         20          0       2079   system_stm32f10x.o

    ----------------------------------------------------------------------
     13584        516        268        112       1608     407934   Object Totals
         0          0         32          0          0          0   (incl. Generated)
         4          0          0          7          2          0   (incl. Padding)

    ----------------------------------------------------------------------

      Code (inc. data)   RO Data    RW Data    ZI Data      Debug   Library Member Name

         8          0          0          0          0         68   __main.o
         0          0          0          0          0          0   __rtentry.o
        12          0          0          0          0          0   __rtentry2.o
         6          0          0          0          0          0   __rtentry4.o
        52          8          0          0          0          0   __scatter.o
        26          0          0          0          0          0   __scatter_copy.o
        28          0          0          0          0          0   __scatter_zi.o
        18          0          0          0          0         80   exit.o
         6          0          0          0          0        152   heapauxi.o
         0          0          0          0          0          0   indicate_semi.o
         2          0          0          0          0          0   libinit.o
         2          0          0          0          0          0   libinit2.o
         2          0          0          0          0          0   libshutdown.o
         2          0          0          0          0          0   libshutdown2.o
         8          4          0          0         96         68   libspace.o
        68          0          0          0          0         68   rt_memclr.o
        78          0          0          0          0         80   rt_memclr_w.o
       138          0          0          0          0         68   rt_memcpy_v6.o
       100          0          0          0          0         80   rt_memcpy_w.o
         2          0          0          0          0          0   rtexit.o
        10          0          0          0          0          0   rtexit2.o
        12          4          0          0          0         68   sys_exit.o
        74          0          0          0          0         80   sys_stackheap_outer.o
         2          0          0          0          0         68   use_no_semi.o

    ----------------------------------------------------------------------
       664         16          0          0         96        880   Library Totals
         8          0          0          0          0          0   (incl. Padding)

    ----------------------------------------------------------------------

      Code (inc. data)   RO Data    RW Data    ZI Data      Debug   Library Name

       656         16          0          0         96        880   c_w.l

    ----------------------------------------------------------------------
       664         16          0          0         96        880   Library Totals

    ----------------------------------------------------------------------

==============================================================================


      Code (inc. data)   RO Data    RW Data    ZI Data      Debug   

     14248        532        268        112       1704     407198   Grand Totals
     14248        532        268        112       1704     407198   ELF Image Totals
     14248        532        268        112          0          0   ROM Totals

==============================================================================

    Total RO  Size (Code + RO Data)                14516 (  14.18kB)
    Total RW  Size (RW Data + ZI Data)              1816 (   1.77kB)
    Total ROM Size (Code + RO Data + RW Data)      14628 (  14.29kB)

==============================================================================

